Global frequency set at 1000000000000 ticks per second
does this construct? 
      0: system.memcpy_accel: MemCpyAccel constructed
      0: system.memcpy_accel: Register address range: [0xC0000000, 0xC0000020)
      0: global: Write from functional of size 64 on address 0xa0000000 C
      0: global: 00000000  7f 45 4c 46 01 01 01 00  00 00 00 00 00 00 00 00    ELF            
      0: global: 00000010  02 00 f3 00 01 00 00 00  2c 01 00 d0 34 00 00 00     s     ,  P4   
      0: global: 00000020  60 2a 00 00 00 00 00 00  34 00 20 00 01 00 28 00   `*      4     ( 
      0: global: 00000030  10 00 0f 00 01 00 00 00  00 00 00 00 00 f0 ff cf                p O
      0: global: Write from functional of size 64 on address 0xa0000040 C
      0: global: 00000000  00 f0 ff cf d8 15 00 00  d8 15 00 00 05 00 00 00    p OX   X       
      0: global: 00000010  00 10 00 00 00 00 00 00  00 00 00 00 00 00 00 00                   
      0: global: 00000020  00 00 00 00 00 00 00 00  00 00 00 00 00 00 00 00                   
      0: global: 00000030  00 00 00 00 00 00 00 00  00 00 00 00 00 00 00 00                   
      0: global: Write from functional of size 64 on address 0xa0000080 C
      0: global: 00000000  00 00 00 00 00 00 00 00  00 00 00 00 00 00 00 00                   
      0: global: 00000010  00 00 00 00 00 00 00 00  00 00 00 00 00 00 00 00                   
      0: global: 00000020  00 00 00 00 00 00 00 00  00 00 00 00 00 00 00 00                   
      0: global: 00000030  00 00 00 00 00 00 00 00  00 00 00 00 00 00 00 00                   
      0: global: Write from functional of size 64 on address 0xa00000c0 C
      0: global: 00000000  00 00 00 00 00 00 00 00  00 00 00 00 00 00 00 00                   
      0: global: 00000010  00 00 00 00 00 00 00 00  00 00 00 00 00 00 00 00                   
      0: global: 00000020  00 00 00 00 00 00 00 00  00 00 00 00 00 00 00 00                   
      0: global: 00000030  00 00 00 00 00 00 00 00  00 00 00 00 00 00 00 00                   
      0: global: Write from functional of size 64 on address 0xa0000100 C
      0: global: 00000000  00 00 00 00 00 00 00 00  00 00 00 00 00 00 00 00                   
      0: global: 00000010  00 00 00 00 00 00 00 00  00 00 00 00 00 00 00 00                   
      0: global: 00000020  00 00 00 00 00 00 00 00  00 00 00 00 00 00 00 00                   
      0: global: 00000030  00 00 00 00 00 00 00 00  00 00 00 00 00 00 00 00                   
      0: global: Write from functional of size 64 on address 0xa0000140 C
      0: global: 00000000  00 00 00 00 00 00 00 00  00 00 00 00 00 00 00 00                   
      0: global: 00000010  00 00 00 00 00 00 00 00  00 00 00 00 00 00 00 00                   
      0: global: 00000020  00 00 00 00 00 00 00 00  00 00 00 00 00 00 00 00                   
      0: global: 00000030  00 00 00 00 00 00 00 00  00 00 00 00 00 00 00 00                   
      0: global: Write from functional of size 64 on address 0xa0000180 C
      0: global: 00000000  00 00 00 00 00 00 00 00  00 00 00 00 00 00 00 00                   
      0: global: 00000010  00 00 00 00 00 00 00 00  00 00 00 00 00 00 00 00                   
      0: global: 00000020  00 00 00 00 00 00 00 00  00 00 00 00 00 00 00 00                   
      0: global: 00000030  00 00 00 00 00 00 00 00  00 00 00 00 00 00 00 00                   
      0: global: Write from functional of size 64 on address 0xa00001c0 C
      0: global: 00000000  00 00 00 00 00 00 00 00  00 00 00 00 00 00 00 00                   
      0: global: 00000010  00 00 00 00 00 00 00 00  00 00 00 00 00 00 00 00                   
      0: global: 00000020  00 00 00 00 00 00 00 00  00 00 00 00 00 00 00 00                   
      0: global: 00000030  00 00 00 00 00 00 00 00  00 00 00 00 00 00 00 00                   
      0: global: Write from functional of size 64 on address 0xa0000200 C
      0: global: 00000000  00 00 00 00 00 00 00 00  00 00 00 00 00 00 00 00                   
      0: global: 00000010  00 00 00 00 00 00 00 00  00 00 00 00 00 00 00 00                   
      0: global: 00000020  00 00 00 00 00 00 00 00  00 00 00 00 00 00 00 00                   
      0: global: 00000030  00 00 00 00 00 00 00 00  00 00 00 00 00 00 00 00                   
      0: global: Write from functional of size 64 on address 0xa0000240 C
      0: global: 00000000  00 00 00 00 00 00 00 00  00 00 00 00 00 00 00 00                   
      0: global: 00000010  00 00 00 00 00 00 00 00  00 00 00 00 00 00 00 00                   
      0: global: 00000020  00 00 00 00 00 00 00 00  00 00 00 00 00 00 00 00                   
      0: global: 00000030  00 00 00 00 00 00 00 00  00 00 00 00 00 00 00 00                   
      0: global: Write from functional of size 64 on address 0xa0000280 C
      0: global: 00000000  00 00 00 00 00 00 00 00  00 00 00 00 00 00 00 00                   
      0: global: 00000010  00 00 00 00 00 00 00 00  00 00 00 00 00 00 00 00                   
      0: global: 00000020  00 00 00 00 00 00 00 00  00 00 00 00 00 00 00 00                   
      0: global: 00000030  00 00 00 00 00 00 00 00  00 00 00 00 00 00 00 00                   
      0: global: Write from functional of size 64 on address 0xa00002c0 C
      0: global: 00000000  00 00 00 00 00 00 00 00  00 00 00 00 00 00 00 00                   
      0: global: 00000010  00 00 00 00 00 00 00 00  00 00 00 00 00 00 00 00                   
      0: global: 00000020  00 00 00 00 00 00 00 00  00 00 00 00 00 00 00 00                   
      0: global: 00000030  00 00 00 00 00 00 00 00  00 00 00 00 00 00 00 00                   
      0: global: Write from functional of size 64 on address 0xa0000300 C
      0: global: 00000000  00 00 00 00 00 00 00 00  00 00 00 00 00 00 00 00                   
      0: global: 00000010  00 00 00 00 00 00 00 00  00 00 00 00 00 00 00 00                   
      0: global: 00000020  00 00 00 00 00 00 00 00  00 00 00 00 00 00 00 00                   
      0: global: 00000030  00 00 00 00 00 00 00 00  00 00 00 00 00 00 00 00                   
      0: global: Write from functional of size 64 on address 0xa0000340 C
      0: global: 00000000  00 00 00 00 00 00 00 00  00 00 00 00 00 00 00 00                   
      0: global: 00000010  00 00 00 00 00 00 00 00  00 00 00 00 00 00 00 00                   
      0: global: 00000020  00 00 00 00 00 00 00 00  00 00 00 00 00 00 00 00                   
      0: global: 00000030  00 00 00 00 00 00 00 00  00 00 00 00 00 00 00 00                   
      0: global: Write from functional of size 64 on address 0xa0000380 C
      0: global: 00000000  00 00 00 00 00 00 00 00  00 00 00 00 00 00 00 00                   
      0: global: 00000010  00 00 00 00 00 00 00 00  00 00 00 00 00 00 00 00                   
      0: global: 00000020  00 00 00 00 00 00 00 00  00 00 00 00 00 00 00 00                   
      0: global: 00000030  00 00 00 00 00 00 00 00  00 00 00 00 00 00 00 00                   
      0: global: Write from functional of size 64 on address 0xa00003c0 C
      0: global: 00000000  00 00 00 00 00 00 00 00  00 00 00 00 00 00 00 00                   
      0: global: 00000010  00 00 00 00 00 00 00 00  00 00 00 00 00 00 00 00                   
      0: global: 00000020  00 00 00 00 00 00 00 00  00 00 00 00 00 00 00 00                   
      0: global: 00000030  00 00 00 00 00 00 00 00  00 00 00 00 00 00 00 00                   
      0: global: Write from functional of size 64 on address 0xa0000400 C
      0: global: 00000000  00 00 00 00 00 00 00 00  00 00 00 00 00 00 00 00                   
      0: global: 00000010  00 00 00 00 00 00 00 00  00 00 00 00 00 00 00 00                   
      0: global: 00000020  00 00 00 00 00 00 00 00  00 00 00 00 00 00 00 00                   
      0: global: 00000030  00 00 00 00 00 00 00 00  00 00 00 00 00 00 00 00                   
      0: global: Write from functional of size 64 on address 0xa0000440 C
      0: global: 00000000  00 00 00 00 00 00 00 00  00 00 00 00 00 00 00 00                   
      0: global: 00000010  00 00 00 00 00 00 00 00  00 00 00 00 00 00 00 00                   
      0: global: 00000020  00 00 00 00 00 00 00 00  00 00 00 00 00 00 00 00                   
      0: global: 00000030  00 00 00 00 00 00 00 00  00 00 00 00 00 00 00 00                   
      0: global: Write from functional of size 64 on address 0xa0000480 C
      0: global: 00000000  00 00 00 00 00 00 00 00  00 00 00 00 00 00 00 00                   
      0: global: 00000010  00 00 00 00 00 00 00 00  00 00 00 00 00 00 00 00                   
      0: global: 00000020  00 00 00 00 00 00 00 00  00 00 00 00 00 00 00 00                   
      0: global: 00000030  00 00 00 00 00 00 00 00  00 00 00 00 00 00 00 00                   
      0: global: Write from functional of size 64 on address 0xa00004c0 C
      0: global: 00000000  00 00 00 00 00 00 00 00  00 00 00 00 00 00 00 00                   
      0: global: 00000010  00 00 00 00 00 00 00 00  00 00 00 00 00 00 00 00                   
      0: global: 00000020  00 00 00 00 00 00 00 00  00 00 00 00 00 00 00 00                   
      0: global: 00000030  00 00 00 00 00 00 00 00  00 00 00 00 00 00 00 00                   
      0: global: Write from functional of size 64 on address 0xa0000500 C
      0: global: 00000000  00 00 00 00 00 00 00 00  00 00 00 00 00 00 00 00                   
      0: global: 00000010  00 00 00 00 00 00 00 00  00 00 00 00 00 00 00 00                   
      0: global: 00000020  00 00 00 00 00 00 00 00  00 00 00 00 00 00 00 00                   
      0: global: 00000030  00 00 00 00 00 00 00 00  00 00 00 00 00 00 00 00                   
      0: global: Write from functional of size 64 on address 0xa0000540 C
      0: global: 00000000  00 00 00 00 00 00 00 00  00 00 00 00 00 00 00 00                   
      0: global: 00000010  00 00 00 00 00 00 00 00  00 00 00 00 00 00 00 00                   
      0: global: 00000020  00 00 00 00 00 00 00 00  00 00 00 00 00 00 00 00                   
      0: global: 00000030  00 00 00 00 00 00 00 00  00 00 00 00 00 00 00 00                   
      0: global: Write from functional of size 64 on address 0xa0000580 C
      0: global: 00000000  00 00 00 00 00 00 00 00  00 00 00 00 00 00 00 00                   
      0: global: 00000010  00 00 00 00 00 00 00 00  00 00 00 00 00 00 00 00                   
      0: global: 00000020  00 00 00 00 00 00 00 00  00 00 00 00 00 00 00 00                   
      0: global: 00000030  00 00 00 00 00 00 00 00  00 00 00 00 00 00 00 00                   
      0: global: Write from functional of size 64 on address 0xa00005c0 C
      0: global: 00000000  00 00 00 00 00 00 00 00  00 00 00 00 00 00 00 00                   
      0: global: 00000010  00 00 00 00 00 00 00 00  00 00 00 00 00 00 00 00                   
      0: global: 00000020  00 00 00 00 00 00 00 00  00 00 00 00 00 00 00 00                   
      0: global: 00000030  00 00 00 00 00 00 00 00  00 00 00 00 00 00 00 00                   
      0: global: Write from functional of size 64 on address 0xa0000600 C
      0: global: 00000000  00 00 00 00 00 00 00 00  00 00 00 00 00 00 00 00                   
      0: global: 00000010  00 00 00 00 00 00 00 00  00 00 00 00 00 00 00 00                   
      0: global: 00000020  00 00 00 00 00 00 00 00  00 00 00 00 00 00 00 00                   
      0: global: 00000030  00 00 00 00 00 00 00 00  00 00 00 00 00 00 00 00                   
      0: global: Write from functional of size 64 on address 0xa0000640 C
      0: global: 00000000  00 00 00 00 00 00 00 00  00 00 00 00 00 00 00 00                   
      0: global: 00000010  00 00 00 00 00 00 00 00  00 00 00 00 00 00 00 00                   
      0: global: 00000020  00 00 00 00 00 00 00 00  00 00 00 00 00 00 00 00                   
      0: global: 00000030  00 00 00 00 00 00 00 00  00 00 00 00 00 00 00 00                   
      0: global: Write from functional of size 64 on address 0xa0000680 C
      0: global: 00000000  00 00 00 00 00 00 00 00  00 00 00 00 00 00 00 00                   
      0: global: 00000010  00 00 00 00 00 00 00 00  00 00 00 00 00 00 00 00                   
      0: global: 00000020  00 00 00 00 00 00 00 00  00 00 00 00 00 00 00 00                   
      0: global: 00000030  00 00 00 00 00 00 00 00  00 00 00 00 00 00 00 00                   
      0: global: Write from functional of size 64 on address 0xa00006c0 C
      0: global: 00000000  00 00 00 00 00 00 00 00  00 00 00 00 00 00 00 00                   
      0: global: 00000010  00 00 00 00 00 00 00 00  00 00 00 00 00 00 00 00                   
      0: global: 00000020  00 00 00 00 00 00 00 00  00 00 00 00 00 00 00 00                   
      0: global: 00000030  00 00 00 00 00 00 00 00  00 00 00 00 00 00 00 00                   
      0: global: Write from functional of size 64 on address 0xa0000700 C
      0: global: 00000000  00 00 00 00 00 00 00 00  00 00 00 00 00 00 00 00                   
      0: global: 00000010  00 00 00 00 00 00 00 00  00 00 00 00 00 00 00 00                   
      0: global: 00000020  00 00 00 00 00 00 00 00  00 00 00 00 00 00 00 00                   
      0: global: 00000030  00 00 00 00 00 00 00 00  00 00 00 00 00 00 00 00                   
      0: global: Write from functional of size 64 on address 0xa0000740 C
      0: global: 00000000  00 00 00 00 00 00 00 00  00 00 00 00 00 00 00 00                   
      0: global: 00000010  00 00 00 00 00 00 00 00  00 00 00 00 00 00 00 00                   
      0: global: 00000020  00 00 00 00 00 00 00 00  00 00 00 00 00 00 00 00                   
      0: global: 00000030  00 00 00 00 00 00 00 00  00 00 00 00 00 00 00 00                   
      0: global: Write from functional of size 64 on address 0xa0000780 C
      0: global: 00000000  00 00 00 00 00 00 00 00  00 00 00 00 00 00 00 00                   
      0: global: 00000010  00 00 00 00 00 00 00 00  00 00 00 00 00 00 00 00                   
      0: global: 00000020  00 00 00 00 00 00 00 00  00 00 00 00 00 00 00 00                   
      0: global: 00000030  00 00 00 00 00 00 00 00  00 00 00 00 00 00 00 00                   
      0: global: Write from functional of size 64 on address 0xa00007c0 C
      0: global: 00000000  00 00 00 00 00 00 00 00  00 00 00 00 00 00 00 00                   
      0: global: 00000010  00 00 00 00 00 00 00 00  00 00 00 00 00 00 00 00                   
      0: global: 00000020  00 00 00 00 00 00 00 00  00 00 00 00 00 00 00 00                   
      0: global: 00000030  00 00 00 00 00 00 00 00  00 00 00 00 00 00 00 00                   
      0: global: Write from functional of size 64 on address 0xa0000800 C
      0: global: 00000000  00 00 00 00 00 00 00 00  00 00 00 00 00 00 00 00                   
      0: global: 00000010  00 00 00 00 00 00 00 00  00 00 00 00 00 00 00 00                   
      0: global: 00000020  00 00 00 00 00 00 00 00  00 00 00 00 00 00 00 00                   
      0: global: 00000030  00 00 00 00 00 00 00 00  00 00 00 00 00 00 00 00                   
      0: global: Write from functional of size 64 on address 0xa0000840 C
      0: global: 00000000  00 00 00 00 00 00 00 00  00 00 00 00 00 00 00 00                   
      0: global: 00000010  00 00 00 00 00 00 00 00  00 00 00 00 00 00 00 00                   
      0: global: 00000020  00 00 00 00 00 00 00 00  00 00 00 00 00 00 00 00                   
      0: global: 00000030  00 00 00 00 00 00 00 00  00 00 00 00 00 00 00 00                   
      0: global: Write from functional of size 64 on address 0xa0000880 C
      0: global: 00000000  00 00 00 00 00 00 00 00  00 00 00 00 00 00 00 00                   
      0: global: 00000010  00 00 00 00 00 00 00 00  00 00 00 00 00 00 00 00                   
      0: global: 00000020  00 00 00 00 00 00 00 00  00 00 00 00 00 00 00 00                   
      0: global: 00000030  00 00 00 00 00 00 00 00  00 00 00 00 00 00 00 00                   
      0: global: Write from functional of size 64 on address 0xa00008c0 C
      0: global: 00000000  00 00 00 00 00 00 00 00  00 00 00 00 00 00 00 00                   
      0: global: 00000010  00 00 00 00 00 00 00 00  00 00 00 00 00 00 00 00                   
      0: global: 00000020  00 00 00 00 00 00 00 00  00 00 00 00 00 00 00 00                   
      0: global: 00000030  00 00 00 00 00 00 00 00  00 00 00 00 00 00 00 00                   
      0: global: Write from functional of size 64 on address 0xa0000900 C
      0: global: 00000000  00 00 00 00 00 00 00 00  00 00 00 00 00 00 00 00                   
      0: global: 00000010  00 00 00 00 00 00 00 00  00 00 00 00 00 00 00 00                   
      0: global: 00000020  00 00 00 00 00 00 00 00  00 00 00 00 00 00 00 00                   
      0: global: 00000030  00 00 00 00 00 00 00 00  00 00 00 00 00 00 00 00                   
      0: global: Write from functional of size 64 on address 0xa0000940 C
      0: global: 00000000  00 00 00 00 00 00 00 00  00 00 00 00 00 00 00 00                   
      0: global: 00000010  00 00 00 00 00 00 00 00  00 00 00 00 00 00 00 00                   
      0: global: 00000020  00 00 00 00 00 00 00 00  00 00 00 00 00 00 00 00                   
      0: global: 00000030  00 00 00 00 00 00 00 00  00 00 00 00 00 00 00 00                   
      0: global: Write from functional of size 64 on address 0xa0000980 C
      0: global: 00000000  00 00 00 00 00 00 00 00  00 00 00 00 00 00 00 00                   
      0: global: 00000010  00 00 00 00 00 00 00 00  00 00 00 00 00 00 00 00                   
      0: global: 00000020  00 00 00 00 00 00 00 00  00 00 00 00 00 00 00 00                   
      0: global: 00000030  00 00 00 00 00 00 00 00  00 00 00 00 00 00 00 00                   
      0: global: Write from functional of size 64 on address 0xa00009c0 C
      0: global: 00000000  00 00 00 00 00 00 00 00  00 00 00 00 00 00 00 00                   
      0: global: 00000010  00 00 00 00 00 00 00 00  00 00 00 00 00 00 00 00                   
      0: global: 00000020  00 00 00 00 00 00 00 00  00 00 00 00 00 00 00 00                   
      0: global: 00000030  00 00 00 00 00 00 00 00  00 00 00 00 00 00 00 00                   
      0: global: Write from functional of size 64 on address 0xa0000a00 C
      0: global: 00000000  00 00 00 00 00 00 00 00  00 00 00 00 00 00 00 00                   
      0: global: 00000010  00 00 00 00 00 00 00 00  00 00 00 00 00 00 00 00                   
      0: global: 00000020  00 00 00 00 00 00 00 00  00 00 00 00 00 00 00 00                   
      0: global: 00000030  00 00 00 00 00 00 00 00  00 00 00 00 00 00 00 00                   
      0: global: Write from functional of size 64 on address 0xa0000a40 C
      0: global: 00000000  00 00 00 00 00 00 00 00  00 00 00 00 00 00 00 00                   
      0: global: 00000010  00 00 00 00 00 00 00 00  00 00 00 00 00 00 00 00                   
      0: global: 00000020  00 00 00 00 00 00 00 00  00 00 00 00 00 00 00 00                   
      0: global: 00000030  00 00 00 00 00 00 00 00  00 00 00 00 00 00 00 00                   
      0: global: Write from functional of size 64 on address 0xa0000a80 C
      0: global: 00000000  00 00 00 00 00 00 00 00  00 00 00 00 00 00 00 00                   
      0: global: 00000010  00 00 00 00 00 00 00 00  00 00 00 00 00 00 00 00                   
      0: global: 00000020  00 00 00 00 00 00 00 00  00 00 00 00 00 00 00 00                   
      0: global: 00000030  00 00 00 00 00 00 00 00  00 00 00 00 00 00 00 00                   
      0: global: Write from functional of size 64 on address 0xa0000ac0 C
      0: global: 00000000  00 00 00 00 00 00 00 00  00 00 00 00 00 00 00 00                   
      0: global: 00000010  00 00 00 00 00 00 00 00  00 00 00 00 00 00 00 00                   
      0: global: 00000020  00 00 00 00 00 00 00 00  00 00 00 00 00 00 00 00                   
      0: global: 00000030  00 00 00 00 00 00 00 00  00 00 00 00 00 00 00 00                   
      0: global: Write from functional of size 64 on address 0xa0000b00 C
      0: global: 00000000  00 00 00 00 00 00 00 00  00 00 00 00 00 00 00 00                   
      0: global: 00000010  00 00 00 00 00 00 00 00  00 00 00 00 00 00 00 00                   
      0: global: 00000020  00 00 00 00 00 00 00 00  00 00 00 00 00 00 00 00                   
      0: global: 00000030  00 00 00 00 00 00 00 00  00 00 00 00 00 00 00 00                   
      0: global: Write from functional of size 64 on address 0xa0000b40 C
      0: global: 00000000  00 00 00 00 00 00 00 00  00 00 00 00 00 00 00 00                   
      0: global: 00000010  00 00 00 00 00 00 00 00  00 00 00 00 00 00 00 00                   
      0: global: 00000020  00 00 00 00 00 00 00 00  00 00 00 00 00 00 00 00                   
      0: global: 00000030  00 00 00 00 00 00 00 00  00 00 00 00 00 00 00 00                   
      0: global: Write from functional of size 64 on address 0xa0000b80 C
      0: global: 00000000  00 00 00 00 00 00 00 00  00 00 00 00 00 00 00 00                   
      0: global: 00000010  00 00 00 00 00 00 00 00  00 00 00 00 00 00 00 00                   
      0: global: 00000020  00 00 00 00 00 00 00 00  00 00 00 00 00 00 00 00                   
      0: global: 00000030  00 00 00 00 00 00 00 00  00 00 00 00 00 00 00 00                   
      0: global: Write from functional of size 64 on address 0xa0000bc0 C
      0: global: 00000000  00 00 00 00 00 00 00 00  00 00 00 00 00 00 00 00                   
      0: global: 00000010  00 00 00 00 00 00 00 00  00 00 00 00 00 00 00 00                   
      0: global: 00000020  00 00 00 00 00 00 00 00  00 00 00 00 00 00 00 00                   
      0: global: 00000030  00 00 00 00 00 00 00 00  00 00 00 00 00 00 00 00                   
      0: global: Write from functional of size 64 on address 0xa0000c00 C
      0: global: 00000000  00 00 00 00 00 00 00 00  00 00 00 00 00 00 00 00                   
      0: global: 00000010  00 00 00 00 00 00 00 00  00 00 00 00 00 00 00 00                   
      0: global: 00000020  00 00 00 00 00 00 00 00  00 00 00 00 00 00 00 00                   
      0: global: 00000030  00 00 00 00 00 00 00 00  00 00 00 00 00 00 00 00                   
      0: global: Write from functional of size 64 on address 0xa0000c40 C
      0: global: 00000000  00 00 00 00 00 00 00 00  00 00 00 00 00 00 00 00                   
      0: global: 00000010  00 00 00 00 00 00 00 00  00 00 00 00 00 00 00 00                   
      0: global: 00000020  00 00 00 00 00 00 00 00  00 00 00 00 00 00 00 00                   
      0: global: 00000030  00 00 00 00 00 00 00 00  00 00 00 00 00 00 00 00                   
      0: global: Write from functional of size 64 on address 0xa0000c80 C
      0: global: 00000000  00 00 00 00 00 00 00 00  00 00 00 00 00 00 00 00                   
      0: global: 00000010  00 00 00 00 00 00 00 00  00 00 00 00 00 00 00 00                   
      0: global: 00000020  00 00 00 00 00 00 00 00  00 00 00 00 00 00 00 00                   
      0: global: 00000030  00 00 00 00 00 00 00 00  00 00 00 00 00 00 00 00                   
      0: global: Write from functional of size 64 on address 0xa0000cc0 C
      0: global: 00000000  00 00 00 00 00 00 00 00  00 00 00 00 00 00 00 00                   
      0: global: 00000010  00 00 00 00 00 00 00 00  00 00 00 00 00 00 00 00                   
      0: global: 00000020  00 00 00 00 00 00 00 00  00 00 00 00 00 00 00 00                   
      0: global: 00000030  00 00 00 00 00 00 00 00  00 00 00 00 00 00 00 00                   
      0: global: Write from functional of size 64 on address 0xa0000d00 C
      0: global: 00000000  00 00 00 00 00 00 00 00  00 00 00 00 00 00 00 00                   
      0: global: 00000010  00 00 00 00 00 00 00 00  00 00 00 00 00 00 00 00                   
      0: global: 00000020  00 00 00 00 00 00 00 00  00 00 00 00 00 00 00 00                   
      0: global: 00000030  00 00 00 00 00 00 00 00  00 00 00 00 00 00 00 00                   
      0: global: Write from functional of size 64 on address 0xa0000d40 C
      0: global: 00000000  00 00 00 00 00 00 00 00  00 00 00 00 00 00 00 00                   
      0: global: 00000010  00 00 00 00 00 00 00 00  00 00 00 00 00 00 00 00                   
      0: global: 00000020  00 00 00 00 00 00 00 00  00 00 00 00 00 00 00 00                   
      0: global: 00000030  00 00 00 00 00 00 00 00  00 00 00 00 00 00 00 00                   
      0: global: Write from functional of size 64 on address 0xa0000d80 C
      0: global: 00000000  00 00 00 00 00 00 00 00  00 00 00 00 00 00 00 00                   
      0: global: 00000010  00 00 00 00 00 00 00 00  00 00 00 00 00 00 00 00                   
      0: global: 00000020  00 00 00 00 00 00 00 00  00 00 00 00 00 00 00 00                   
      0: global: 00000030  00 00 00 00 00 00 00 00  00 00 00 00 00 00 00 00                   
      0: global: Write from functional of size 64 on address 0xa0000dc0 C
      0: global: 00000000  00 00 00 00 00 00 00 00  00 00 00 00 00 00 00 00                   
      0: global: 00000010  00 00 00 00 00 00 00 00  00 00 00 00 00 00 00 00                   
      0: global: 00000020  00 00 00 00 00 00 00 00  00 00 00 00 00 00 00 00                   
      0: global: 00000030  00 00 00 00 00 00 00 00  00 00 00 00 00 00 00 00                   
      0: global: Write from functional of size 64 on address 0xa0000e00 C
      0: global: 00000000  00 00 00 00 00 00 00 00  00 00 00 00 00 00 00 00                   
      0: global: 00000010  00 00 00 00 00 00 00 00  00 00 00 00 00 00 00 00                   
      0: global: 00000020  00 00 00 00 00 00 00 00  00 00 00 00 00 00 00 00                   
      0: global: 00000030  00 00 00 00 00 00 00 00  00 00 00 00 00 00 00 00                   
      0: global: Write from functional of size 64 on address 0xa0000e40 C
      0: global: 00000000  00 00 00 00 00 00 00 00  00 00 00 00 00 00 00 00                   
      0: global: 00000010  00 00 00 00 00 00 00 00  00 00 00 00 00 00 00 00                   
      0: global: 00000020  00 00 00 00 00 00 00 00  00 00 00 00 00 00 00 00                   
      0: global: 00000030  00 00 00 00 00 00 00 00  00 00 00 00 00 00 00 00                   
      0: global: Write from functional of size 64 on address 0xa0000e80 C
      0: global: 00000000  00 00 00 00 00 00 00 00  00 00 00 00 00 00 00 00                   
      0: global: 00000010  00 00 00 00 00 00 00 00  00 00 00 00 00 00 00 00                   
      0: global: 00000020  00 00 00 00 00 00 00 00  00 00 00 00 00 00 00 00                   
      0: global: 00000030  00 00 00 00 00 00 00 00  00 00 00 00 00 00 00 00                   
      0: global: Write from functional of size 64 on address 0xa0000ec0 C
      0: global: 00000000  00 00 00 00 00 00 00 00  00 00 00 00 00 00 00 00                   
      0: global: 00000010  00 00 00 00 00 00 00 00  00 00 00 00 00 00 00 00                   
      0: global: 00000020  00 00 00 00 00 00 00 00  00 00 00 00 00 00 00 00                   
      0: global: 00000030  00 00 00 00 00 00 00 00  00 00 00 00 00 00 00 00                   
      0: global: Write from functional of size 64 on address 0xa0000f00 C
      0: global: 00000000  00 00 00 00 00 00 00 00  00 00 00 00 00 00 00 00                   
      0: global: 00000010  00 00 00 00 00 00 00 00  00 00 00 00 00 00 00 00                   
      0: global: 00000020  00 00 00 00 00 00 00 00  00 00 00 00 00 00 00 00                   
      0: global: 00000030  00 00 00 00 00 00 00 00  00 00 00 00 00 00 00 00                   
      0: global: Write from functional of size 64 on address 0xa0000f40 C
      0: global: 00000000  00 00 00 00 00 00 00 00  00 00 00 00 00 00 00 00                   
      0: global: 00000010  00 00 00 00 00 00 00 00  00 00 00 00 00 00 00 00                   
      0: global: 00000020  00 00 00 00 00 00 00 00  00 00 00 00 00 00 00 00                   
      0: global: 00000030  00 00 00 00 00 00 00 00  00 00 00 00 00 00 00 00                   
      0: global: Write from functional of size 64 on address 0xa0000f80 C
      0: global: 00000000  00 00 00 00 00 00 00 00  00 00 00 00 00 00 00 00                   
      0: global: 00000010  00 00 00 00 00 00 00 00  00 00 00 00 00 00 00 00                   
      0: global: 00000020  00 00 00 00 00 00 00 00  00 00 00 00 00 00 00 00                   
      0: global: 00000030  00 00 00 00 00 00 00 00  00 00 00 00 00 00 00 00                   
      0: global: Write from functional of size 64 on address 0xa0000fc0 C
      0: global: 00000000  00 00 00 00 00 00 00 00  00 00 00 00 00 00 00 00                   
      0: global: 00000010  00 00 00 00 00 00 00 00  00 00 00 00 00 00 00 00                   
      0: global: 00000020  00 00 00 00 00 00 00 00  00 00 00 00 00 00 00 00                   
      0: global: 00000030  00 00 00 00 00 00 00 00  00 00 00 00 00 00 00 00                   
      0: global: Write from functional of size 64 on address 0xa0001000 C
      0: global: 00000000  13 01 01 fe 23 2e 81 00  13 04 01 02 23 26 a4 fe      ~#.      #&$~
      0: global: 00000010  13 05 10 00 83 25 c4 fe  13 06 00 00 6f 00 00 01        %D~    o   
      0: global: 00000020  93 07 06 00 93 87 17 00  13 86 07 00 13 07 06 00                   
      0: global: 00000030  83 27 c4 fe b3 87 e7 00  83 c7 07 00 e3 92 07 fe    'D~3 g  G  c  ~
      0: global: Write from functional of size 64 on address 0xa0001040 C
      0: global: 00000000  93 08 00 04 73 00 00 00  13 00 00 00 03 24 c1 01       s        $A 
      0: global: 00000010  13 01 01 02 67 80 00 00  13 01 01 fc 23 2e 11 02       g      |#.  
      0: global: 00000020  23 2c 81 02 13 04 01 04  23 26 a4 fc 93 07 00 03   #,      #&$|    
      0: global: 00000030  23 0e f4 fc 93 07 80 07  a3 0e f4 fc 23 26 04 fe   # t|    # t|#& ~
      0: global: Write from functional of size 64 on address 0xa0001080 C
      0: global: 00000000  6f 00 40 07 13 07 70 00  83 27 c4 fe b3 07 f7 40   o @   p  'D~3 w@
      0: global: 00000010  93 97 27 00 03 27 c4 fc  b3 57 f7 00 93 f7 f7 00     '  'D|3Ww  ww 
      0: global: 00000020  23 24 f4 fe 03 27 84 fe  93 07 90 00 63 cc e7 00   #$t~ ' ~    cLg 
      0: global: 00000030  83 27 84 fe 93 f7 f7 0f  93 87 07 03 93 f7 f7 0f    ' ~ ww      ww 
      0: global: Write from functional of size 64 on address 0xa00010c0 C
      0: global: 00000000  6f 00 40 01 83 27 84 fe  93 f7 f7 0f 93 87 77 05   o @  ' ~ ww   w 
      0: global: 00000010  93 f7 f7 0f 03 27 c4 fe  13 07 27 00 93 06 04 ff    ww  'D~  '     
      0: global: 00000020  33 87 e6 00 23 06 f7 fe  83 27 c4 fe 93 87 17 00   3 f # w~ 'D~    
      0: global: 00000030  23 26 f4 fe 03 27 c4 fe  93 07 70 00 e3 d4 e7 f8   #&t~ 'D~  p cTgx
      0: global: Write from functional of size 64 on address 0xa0001100 C
      0: global: 00000000  93 07 a0 00 23 03 f4 fe  a3 03 04 fe 93 07 c4 fd       # t~#  ~  D}
      0: global: 00000010  13 85 07 00 ef f0 df ee  13 00 00 00 83 20 c1 03       op_n      A 
      0: global: 00000020  03 24 81 03 13 01 01 04  67 80 00 00 13 01 01 fd    $      g      }
      0: global: 00000030  23 26 11 02 23 24 81 02  23 22 91 02 13 04 01 03   #&  #$  #"      
      0: global: Write from functional of size 64 on address 0xa0001140 C
      0: global: 00000000  b7 07 00 10 23 24 f4 fe  93 07 30 00 23 22 f4 fe   7   #$t~  0 #"t~
      0: global: 00000010  83 27 44 fe 93 97 27 00  03 27 84 fe b3 07 f7 00    'D~  '  ' ~3 w 
      0: global: 00000020  23 20 f4 fe b7 07 00 c0  23 2e f4 fc b7 07 00 c0   # t~7  @#.t|7  @
      0: global: 00000030  93 87 47 00 23 2c f4 fc  b7 07 00 c0 93 87 87 00     G #,t|7  @    
      0: global: Write from functional of size 64 on address 0xa0001180 C
      0: global: 00000000  23 2a f4 fc 23 26 04 fe  6f 00 80 03 03 25 c4 fe   #*t|#& ~o    %D~
      0: global: 00000010  ef f0 9f ec 83 27 c4 fe  93 97 27 00 03 27 84 fe   op l 'D~  '  ' ~
      0: global: 00000020  b3 04 f7 00 03 25 c4 fe  ef 00 c0 16 93 07 05 00   3 w  %D~o @     
      0: global: 00000030  23 a0 f4 00 83 27 c4 fe  93 87 17 00 23 26 f4 fe   # t  'D~    #&t~
      0: global: Write from functional of size 64 on address 0xa00011c0 C
      0: global: 00000000  03 27 c4 fe 83 27 44 fe  e3 62 f7 fc 03 27 84 fe    'D~ 'D~cbw| ' ~
      0: global: 00000010  83 27 c4 fd 23 a0 e7 00  03 27 04 fe 83 27 84 fd    'D}# g  ' ~ ' }
      0: global: 00000020  23 a0 e7 00 83 27 44 fe  93 97 27 00 23 28 f4 fc   # g  'D~  ' #(t|
      0: global: 00000030  b7 07 00 d0 13 85 c7 43  ef f0 9f e0 b7 07 00 d0   7  P  GCop `7  P
      0: global: Write from functional of size 64 on address 0xa0001200 C
      0: global: 00000000  13 85 07 46 ef f0 df df  03 25 04 fd ef f0 df e4      Fop__ % }op_d
      0: global: 00000010  03 27 04 fd b7 07 00 80  33 67 f7 00 83 27 44 fd    ' }7   3gw  'D}
      0: global: 00000020  23 a0 e7 00 13 00 00 00  83 27 44 fd 03 a7 07 00   # g      'D} '  
      0: global: 00000030  b7 07 00 40 b3 77 f7 00  e3 88 07 fe b7 07 00 d0   7  @3ww c  ~7  P
      0: global: Write from functional of size 64 on address 0xa0001240 C
      0: global: 00000000  13 85 47 47 ef f0 df db  b7 07 00 d0 13 85 c7 48     GGop_[7  P  GH
      0: global: 00000010  ef f0 1f db b7 07 00 d0  13 85 07 4a ef f0 5f da   op [7  P   Jop_Z
      0: global: 00000020  83 27 04 fe 83 a7 07 00  13 85 07 00 ef f0 df de    ' ~ '      op_^
      0: global: 00000030  b7 07 00 d0 13 85 c7 4a  ef f0 9f d8 83 27 04 fe   7  P  GJop X ' ~
      0: global: Write from functional of size 64 on address 0xa0001280 C
      0: global: 00000000  93 87 47 00 83 a7 07 00  13 85 07 00 ef f0 df dc     G  '      op_\
      0: global: 00000010  b7 07 00 d0 13 85 87 4b  ef f0 9f d6 83 27 04 fe   7  P   Kop V ' ~
      0: global: 00000020  93 87 87 02 83 a7 07 00  13 85 07 00 ef f0 df da        '      op_Z
      0: global: 00000030  b7 07 00 d0 13 85 47 4c  ef f0 9f d4 03 27 44 fe   7  P  GLop T 'D~
      0: global: Write from functional of size 64 on address 0xa00012c0 C
      0: global: 00000000  b7 07 00 40 93 87 f7 ff  b3 07 f7 00 93 97 27 00   7  @  w 3 w   ' 
      0: global: 00000010  03 27 04 fe b3 07 f7 00  83 a7 07 00 13 85 07 00    ' ~3 w  '      
      0: global: 00000020  ef f0 9f d7 b7 07 00 d0  13 85 07 4d ef f0 5f d1   op W7  P   Mop_Q
      0: global: 00000030  93 08 d0 05 13 05 00 00  73 00 00 00 13 00 00 00     P     s       
      0: global: Write from functional of size 64 on address 0xa0001300 C
      0: global: 00000000  83 20 c1 02 03 24 81 02  83 24 41 02 13 01 01 03     A  $   $A     
      0: global: 00000010  67 80 00 00 13 01 01 ff  23 24 81 00 23 26 11 00   g       #$  #&  
      0: global: 00000020  13 04 05 00 93 07 00 00  63 04 05 02 ef 00 40 0c           c   o @ 
      0: global: 00000030  93 07 e0 09 b3 87 a7 40  13 07 60 09 63 4a f7 02     ` 3 '@  ` cJw 
      0: global: Write from functional of size 64 on address 0xa0001340 C
      0: global: 00000000  13 07 80 00 63 56 a7 00  13 05 85 ff 33 14 a4 00       cV'     3 $ 
      0: global: 00000010  13 14 94 00 13 54 94 00  13 95 77 01 83 20 c1 00        T    w   A 
      0: global: 00000020  33 65 85 00 03 24 81 00  13 01 01 01 67 80 00 00   3e   $      g   
      0: global: 00000030  13 07 90 09 63 50 f7 02  13 07 b5 01 93 06 50 00       cPw   5   P 
      0: global: Write from functional of size 64 on address 0xa0001380 C
      0: global: 00000000  33 17 e4 00 b3 86 a6 40  33 37 e0 00 33 54 d4 00   3 d 3 &@37` 3TT 
      0: global: 00000010  33 64 87 00 13 07 50 00  63 56 a7 00 13 07 b5 ff   3d    P cV'   5 
      0: global: 00000020  33 14 e4 00 37 07 00 fc  13 07 f7 ff 93 76 74 00   3 d 7  |  w  vt 
      0: global: 00000030  33 77 e4 00 63 8a 06 00  13 74 f4 00 93 06 40 00   3wd c    tt   @ 
      0: global: Write from functional of size 64 on address 0xa00013c0 C
      0: global: 00000000  63 04 d4 00 13 07 47 00  b7 06 00 04 b3 76 d7 00   c T   G 7   3vW 
      0: global: 00000010  63 8c 06 00 b7 07 00 fc  93 87 f7 ff 33 77 f7 00   c   7  |  w 3ww 
      0: global: 00000020  93 07 f0 09 b3 87 a7 40  13 54 37 00 6f f0 5f f6     p 3 '@ T7 op_v
      0: global: 00000030  b7 07 01 00 63 7a f5 02  93 07 f0 0f b3 b7 a7 00   7   czu   p 37' 
      0: global: Write from functional of size 64 on address 0xa0001400 C
      0: global: 00000000  93 97 37 00 13 07 00 02  33 07 f7 40 33 55 f5 00     7     3 w@3Uu 
      0: global: 00000010  97 07 00 00 93 87 87 0c  33 85 a7 00 03 45 05 00           3 '  E  
      0: global: 00000020  33 05 a7 40 67 80 00 00  37 07 00 01 93 07 00 01   3 '@g   7       
      0: global: 00000030  e3 6a e5 fc 93 07 80 01  6f f0 df fc 53 74 61 72   cje|    op_|Star
      0: global: Write from functional of size 64 on address 0xa0001440 C
      0: global: 00000000  74 69 6e 67 20 6c 61 72  67 65 20 6d 65 6d 63 70   ting large memcp
      0: global: 00000010  79 20 61 63 63 65 6c 20  74 65 73 74 3a 0a 00 00   y accel test:   
      0: global: 00000020  4c 65 6e 67 74 68 20 28  62 79 74 65 73 29 3a 20   Length (bytes): 
      0: global: 00000030  00 00 00 00 43 6f 6d 70  75 74 61 74 69 6f 6e 20       Computation 
      0: global: Write from functional of size 64 on address 0xa0001480 C
      0: global: 00000000  63 6f 6d 70 6c 65 74 65  2e 0a 00 00 53 61 6d 70   complete.   Samp
      0: global: 00000010  6c 65 20 6f 75 74 70 75  74 73 3a 0a 00 00 00 00   le outputs:     
      0: global: 00000020  64 73 74 5b 30 5d 20 20  20 3d 20 00 64 73 74 5b   dst[0]   =  dst[
      0: global: 00000030  31 5d 20 20 20 3d 20 00  64 73 74 5b 31 30 5d 20   1]   =  dst[10] 
      0: global: Write from functional of size 64 on address 0xa00014c0 C
      0: global: 00000000  20 3d 20 00 64 73 74 5b  4e 2d 31 5d 20 3d 20 00    =  dst[N-1] =  
      0: global: 00000010  44 6f 6e 65 2e 0a 00 00  00 01 02 02 03 03 03 03   Done.           
      0: global: 00000020  04 04 04 04 04 04 04 04  05 05 05 05 05 05 05 05                   
      0: global: 00000030  05 05 05 05 05 05 05 05  06 06 06 06 06 06 06 06                   
      0: global: Write from functional of size 64 on address 0xa0001500 C
      0: global: 00000000  06 06 06 06 06 06 06 06  06 06 06 06 06 06 06 06                   
      0: global: 00000010  06 06 06 06 06 06 06 06  07 07 07 07 07 07 07 07                   
      0: global: 00000020  07 07 07 07 07 07 07 07  07 07 07 07 07 07 07 07                   
      0: global: 00000030  07 07 07 07 07 07 07 07  07 07 07 07 07 07 07 07                   
      0: global: Write from functional of size 64 on address 0xa0001540 C
      0: global: 00000000  07 07 07 07 07 07 07 07  07 07 07 07 07 07 07 07                   
      0: global: 00000010  07 07 07 07 07 07 07 07  08 08 08 08 08 08 08 08                   
      0: global: 00000020  08 08 08 08 08 08 08 08  08 08 08 08 08 08 08 08                   
      0: global: 00000030  08 08 08 08 08 08 08 08  08 08 08 08 08 08 08 08                   
      0: global: Write from functional of size 64 on address 0xa0001580 C
      0: global: 00000000  08 08 08 08 08 08 08 08  08 08 08 08 08 08 08 08                   
      0: global: 00000010  08 08 08 08 08 08 08 08  08 08 08 08 08 08 08 08                   
      0: global: 00000020  08 08 08 08 08 08 08 08  08 08 08 08 08 08 08 08                   
      0: global: 00000030  08 08 08 08 08 08 08 08  08 08 08 08 08 08 08 08                   
      0: global: Write from functional of size 24 on address 0xa00015c0 C
      0: global: 00000000  08 08 08 08 08 08 08 08  08 08 08 08 08 08 08 08                   
      0: global: 00000010  08 08 08 08 08 08 08 08                                    
      0: global: Write from functional of size 16 on address 0xa0002fef C
      0: global: 00000000  a6 1c f8 92 cc d6 21 86  cc 3a d1 1f 70 cb 2c 90   & x LV! L:Q pK, 
      0: global: Write from functional of size 1 on address 0xa0002fbe data 0x2f C
      0: global: Write from functional of size 1 on address 0xa0002fbf data 0x72 C
      0: global: Write from functional of size 1 on address 0xa0002fc0 data 0x6f C
      0: global: Write from functional of size 1 on address 0xa0002fc1 data 0x6f C
      0: global: Write from functional of size 1 on address 0xa0002fc2 data 0x74 C
      0: global: Write from functional of size 1 on address 0xa0002fc3 data 0x2f C
      0: global: Write from functional of size 1 on address 0xa0002fc4 data 0x35 C
      0: global: Write from functional of size 1 on address 0xa0002fc5 data 0x37 C
      0: global: Write from functional of size 1 on address 0xa0002fc6 data 0x33 C
      0: global: Write from functional of size 1 on address 0xa0002fc7 data 0x2d C
      0: global: Write from functional of size 1 on address 0xa0002fc8 data 0x67 C
      0: global: Write from functional of size 1 on address 0xa0002fc9 data 0x65 C
      0: global: Write from functional of size 1 on address 0xa0002fca data 0x6d C
      0: global: Write from functional of size 1 on address 0xa0002fcb data 0x35 C
      0: global: Write from functional of size 1 on address 0xa0002fcc data 0x2f C
      0: global: Write from functional of size 1 on address 0xa0002fcd data 0x73 C
      0: global: Write from functional of size 1 on address 0xa0002fce data 0x72 C
      0: global: Write from functional of size 1 on address 0xa0002fcf data 0x63 C
      0: global: Write from functional of size 1 on address 0xa0002fd0 data 0x2f C
      0: global: Write from functional of size 1 on address 0xa0002fd1 data 0x64 C
      0: global: Write from functional of size 1 on address 0xa0002fd2 data 0x65 C
      0: global: Write from functional of size 1 on address 0xa0002fd3 data 0x76 C
      0: global: Write from functional of size 1 on address 0xa0002fd4 data 0x2f C
      0: global: Write from functional of size 1 on address 0xa0002fd5 data 0x61 C
      0: global: Write from functional of size 1 on address 0xa0002fd6 data 0x63 C
      0: global: Write from functional of size 1 on address 0xa0002fd7 data 0x63 C
      0: global: Write from functional of size 1 on address 0xa0002fd8 data 0x2f C
      0: global: Write from functional of size 1 on address 0xa0002fd9 data 0x2e C
      0: global: Write from functional of size 1 on address 0xa0002fda data 0x2e C
      0: global: Write from functional of size 1 on address 0xa0002fdb data 0x2f C
      0: global: Write from functional of size 1 on address 0xa0002fdc data 0x2e C
      0: global: Write from functional of size 1 on address 0xa0002fdd data 0x2e C
      0: global: Write from functional of size 1 on address 0xa0002fde data 0x2f C
      0: global: Write from functional of size 1 on address 0xa0002fdf data 0x2e C
      0: global: Write from functional of size 1 on address 0xa0002fe0 data 0x2e C
      0: global: Write from functional of size 1 on address 0xa0002fe1 data 0x2f C
      0: global: Write from functional of size 1 on address 0xa0002fe2 data 0x62 C
      0: global: Write from functional of size 1 on address 0xa0002fe3 data 0x69 C
      0: global: Write from functional of size 1 on address 0xa0002fe4 data 0x67 C
      0: global: Write from functional of size 1 on address 0xa0002fe5 data 0x5f C
      0: global: Write from functional of size 1 on address 0xa0002fe6 data 0x74 C
      0: global: Write from functional of size 1 on address 0xa0002fe7 data 0x65 C
      0: global: Write from functional of size 1 on address 0xa0002fe8 data 0x73 C
      0: global: Write from functional of size 1 on address 0xa0002fe9 data 0x74 C
      0: global: Write from functional of size 1 on address 0xa0002fea data 0x2e C
      0: global: Write from functional of size 1 on address 0xa0002feb data 0x65 C
      0: global: Write from functional of size 1 on address 0xa0002fec data 0x6c C
      0: global: Write from functional of size 1 on address 0xa0002fed data 0x66 C
      0: global: Write from functional of size 1 on address 0xa0002fee data 0 C
      0: global: Write from functional of size 4 on address 0xa0002f68 data 0x1 C
      0: global: Write from functional of size 4 on address 0xa0002f6c data 0x7fffffbe C
      0: global: Write from functional of size 4 on address 0xa0002f70 data 0 C
      0: global: Write from functional of size 4 on address 0xa0002f74 data 0 C
      0: global: Write from functional of size 4 on address 0xa0002f78 data 0x9 C
      0: global: Write from functional of size 4 on address 0xa0002f7c data 0xd000012c C
      0: global: Write from functional of size 4 on address 0xa0002f80 data 0x5 C
      0: global: Write from functional of size 4 on address 0xa0002f84 data 0x1 C
      0: global: Write from functional of size 4 on address 0xa0002f88 data 0x4 C
      0: global: Write from functional of size 4 on address 0xa0002f8c data 0x20 C
      0: global: Write from functional of size 4 on address 0xa0002f90 data 0x3 C
      0: global: Write from functional of size 4 on address 0xa0002f94 data 0xcffff034 C
      0: global: Write from functional of size 4 on address 0xa0002f98 data 0x6 C
      0: global: Write from functional of size 4 on address 0xa0002f9c data 0x1000 C
      0: global: Write from functional of size 4 on address 0xa0002fa0 data 0x17 C
      0: global: Write from functional of size 4 on address 0xa0002fa4 data 0 C
      0: global: Write from functional of size 4 on address 0xa0002fa8 data 0x19 C
      0: global: Write from functional of size 4 on address 0xa0002fac data 0x7fffffbc C
      0: global: Write from functional of size 4 on address 0xa0002fb0 data 0 C
      0: global: Write from functional of size 4 on address 0xa0002fb4 data 0 C
gem5 Simulator System.  https://www.gem5.org
gem5 is copyrighted software; use the --copyright option for details.

gem5 version 25.0.0.1
gem5 compiled Nov  4 2025 20:02:10
gem5 started Nov  4 2025 20:32:02
gem5 executing on LAPTOP-OTB00B7S, pid 7050
command line: build/RISCV/gem5.opt --debug-flags=MemCpyAccelDebug,PortTrace,DMA,MemoryAccess src/dev/acc/memcpy_test_v2.py

Beginning simulation!
  46250: global: IFetch from cpu.inst of size 4 on address 0xa000112c data 0xfd010113 C
  95750: global: IFetch from cpu.inst of size 4 on address 0xa0001130 data 0x2112623 C
 126000: system.mem_ctrl.dram: access write due to WriteReq [a0002f64:a0002f67]
 126000: global: Write from cpu.data of size 4 on address 0xa0002f64 data 0 C
 165750: global: IFetch from cpu.inst of size 4 on address 0xa0001134 data 0x2812423 C
 196000: system.mem_ctrl.dram: access write due to WriteReq [a0002f60:a0002f63]
 196000: global: Write from cpu.data of size 4 on address 0xa0002f60 data 0 C
 235750: global: IFetch from cpu.inst of size 4 on address 0xa0001138 data 0x2912223 C
 266000: system.mem_ctrl.dram: access write due to WriteReq [a0002f5c:a0002f5f]
 266000: global: Write from cpu.data of size 4 on address 0xa0002f5c data 0 C
 305750: global: IFetch from cpu.inst of size 4 on address 0xa000113c data 0x3010413 C
 354750: global: IFetch from cpu.inst of size 4 on address 0xa0001140 data 0x100007b7 C
 403750: global: IFetch from cpu.inst of size 4 on address 0xa0001144 data 0xfef42423 C
 434000: system.mem_ctrl.dram: access write due to WriteReq [a0002f50:a0002f53]
 434000: global: Write from cpu.data of size 4 on address 0xa0002f50 data 0x10000000 C
 473750: global: IFetch from cpu.inst of size 4 on address 0xa0001148 data 0x300793 C
 522750: global: IFetch from cpu.inst of size 4 on address 0xa000114c data 0xfef42223 C
 553000: system.mem_ctrl.dram: access write due to WriteReq [a0002f4c:a0002f4f]
 553000: global: Write from cpu.data of size 4 on address 0xa0002f4c data 0x3 C
 592750: global: IFetch from cpu.inst of size 4 on address 0xa0001150 data 0xfe442783 C
 655500: global: Read from cpu.data of size 4 on address 0xa0002f4c data 0x3 C
 704750: global: IFetch from cpu.inst of size 4 on address 0xa0001154 data 0x279793 C
 753750: global: IFetch from cpu.inst of size 4 on address 0xa0001158 data 0xfe842703 C
 802750: global: Read from cpu.data of size 4 on address 0xa0002f50 data 0x10000000 C
 851750: global: IFetch from cpu.inst of size 4 on address 0xa000115c data 0xf707b3 C
 900750: global: IFetch from cpu.inst of size 4 on address 0xa0001160 data 0xfef42023 C
 931000: system.mem_ctrl.dram: access write due to WriteReq [a0002f48:a0002f4b]
 931000: global: Write from cpu.data of size 4 on address 0xa0002f48 data 0x1000000c C
 970750: global: IFetch from cpu.inst of size 4 on address 0xa0001164 data 0xc00007b7 C
1019750: global: IFetch from cpu.inst of size 4 on address 0xa0001168 data 0xfcf42e23 C
1050000: system.mem_ctrl.dram: access write due to WriteReq [a0002f44:a0002f47]
1050000: global: Write from cpu.data of size 4 on address 0xa0002f44 data 0xc0000000 C
1103500: global: IFetch from cpu.inst of size 4 on address 0xa000116c data 0xc00007b7 C
1152750: global: IFetch from cpu.inst of size 4 on address 0xa0001170 data 0x478793 C
1201750: global: IFetch from cpu.inst of size 4 on address 0xa0001174 data 0xfcf42c23 C
1232000: system.mem_ctrl.dram: access write due to WriteReq [a0002f40:a0002f43]
1232000: global: Write from cpu.data of size 4 on address 0xa0002f40 data 0xc0000004 C
1271750: global: IFetch from cpu.inst of size 4 on address 0xa0001178 data 0xc00007b7 C
1320750: global: IFetch from cpu.inst of size 4 on address 0xa000117c data 0x878793 C
1369750: global: IFetch from cpu.inst of size 4 on address 0xa0001180 data 0xfcf42a23 C
1400000: system.mem_ctrl.dram: access write due to WriteReq [a0002f3c:a0002f3f]
1400000: global: Write from cpu.data of size 4 on address 0xa0002f3c data 0xc0000008 C
1439750: global: IFetch from cpu.inst of size 4 on address 0xa0001184 data 0xfe042623 C
1470000: system.mem_ctrl.dram: access write due to WriteReq [a0002f54:a0002f57]
1470000: global: Write from cpu.data of size 4 on address 0xa0002f54 data 0 C
1509750: global: IFetch from cpu.inst of size 4 on address 0xa0001188 data 0x380006f C
1558750: global: IFetch from cpu.inst of size 4 on address 0xa00011c0 data 0xfec42703 C
1607750: global: Read from cpu.data of size 4 on address 0xa0002f54 data 0 C
1656750: global: IFetch from cpu.inst of size 4 on address 0xa00011c4 data 0xfe442783 C
1705750: global: Read from cpu.data of size 4 on address 0xa0002f4c data 0x3 C
1754750: global: IFetch from cpu.inst of size 4 on address 0xa00011c8 data 0xfcf762e3 C
1803750: global: IFetch from cpu.inst of size 4 on address 0xa000118c data 0xfec42503 C
1852750: global: Read from cpu.data of size 4 on address 0xa0002f54 data 0 C
1901750: global: IFetch from cpu.inst of size 4 on address 0xa0001190 data 0xec9ff0ef C
1950750: global: IFetch from cpu.inst of size 4 on address 0xa0001058 data 0xfc010113 C
1999750: global: IFetch from cpu.inst of size 4 on address 0xa000105c data 0x2112e23 C
2030000: system.mem_ctrl.dram: access write due to WriteReq [a0002f34:a0002f37]
2030000: global: Write from cpu.data of size 4 on address 0xa0002f34 data 0xd0000194 C
2069750: global: IFetch from cpu.inst of size 4 on address 0xa0001060 data 0x2812c23 C
2100000: system.mem_ctrl.dram: access write due to WriteReq [a0002f30:a0002f33]
2100000: global: Write from cpu.data of size 4 on address 0xa0002f30 data 0x7fffff68 C
2153500: global: IFetch from cpu.inst of size 4 on address 0xa0001064 data 0x4010413 C
2202750: global: IFetch from cpu.inst of size 4 on address 0xa0001068 data 0xfca42623 C
2233000: system.mem_ctrl.dram: access write due to WriteReq [a0002f04:a0002f07]
2233000: global: Write from cpu.data of size 4 on address 0xa0002f04 data 0 C
2272750: global: IFetch from cpu.inst of size 4 on address 0xa000106c data 0x3000793 C
2321750: global: IFetch from cpu.inst of size 4 on address 0xa0001070 data 0xfcf40e23 C
2352000: system.mem_ctrl.dram: access write due to WriteReq [a0002f14:a0002f14]
2352000: global: Write from cpu.data of size 1 on address 0xa0002f14 data 0x30 C
2391750: global: IFetch from cpu.inst of size 4 on address 0xa0001074 data 0x7800793 C
2440750: global: IFetch from cpu.inst of size 4 on address 0xa0001078 data 0xfcf40ea3 C
2471000: system.mem_ctrl.dram: access write due to WriteReq [a0002f15:a0002f15]
2471000: global: Write from cpu.data of size 1 on address 0xa0002f15 data 0x78 C
2510750: global: IFetch from cpu.inst of size 4 on address 0xa000107c data 0xfe042623 C
2541000: system.mem_ctrl.dram: access write due to WriteReq [a0002f24:a0002f27]
2541000: global: Write from cpu.data of size 4 on address 0xa0002f24 data 0 C
2580750: global: IFetch from cpu.inst of size 4 on address 0xa0001080 data 0x740006f C
2629750: global: IFetch from cpu.inst of size 4 on address 0xa00010f4 data 0xfec42703 C
2678750: global: Read from cpu.data of size 4 on address 0xa0002f24 data 0 C
2727750: global: IFetch from cpu.inst of size 4 on address 0xa00010f8 data 0x700793 C
2776750: global: IFetch from cpu.inst of size 4 on address 0xa00010fc data 0xf8e7d4e3 C
2825750: global: IFetch from cpu.inst of size 4 on address 0xa0001084 data 0x700713 C
2874750: global: IFetch from cpu.inst of size 4 on address 0xa0001088 data 0xfec42783 C
2923750: global: Read from cpu.data of size 4 on address 0xa0002f24 data 0 C
2972750: global: IFetch from cpu.inst of size 4 on address 0xa000108c data 0x40f707b3 C
3021750: global: IFetch from cpu.inst of size 4 on address 0xa0001090 data 0x279793 C
3070750: global: IFetch from cpu.inst of size 4 on address 0xa0001094 data 0xfcc42703 C
3119750: global: Read from cpu.data of size 4 on address 0xa0002f04 data 0 C
3182500: global: IFetch from cpu.inst of size 4 on address 0xa0001098 data 0xf757b3 C
3231750: global: IFetch from cpu.inst of size 4 on address 0xa000109c data 0xf7f793 C
3280750: global: IFetch from cpu.inst of size 4 on address 0xa00010a0 data 0xfef42423 C
3311000: system.mem_ctrl.dram: access write due to WriteReq [a0002f20:a0002f23]
3311000: global: Write from cpu.data of size 4 on address 0xa0002f20 data 0 C
3350750: global: IFetch from cpu.inst of size 4 on address 0xa00010a4 data 0xfe842703 C
3399750: global: Read from cpu.data of size 4 on address 0xa0002f20 data 0 C
3448750: global: IFetch from cpu.inst of size 4 on address 0xa00010a8 data 0x900793 C
3497750: global: IFetch from cpu.inst of size 4 on address 0xa00010ac data 0xe7cc63 C
3546750: global: IFetch from cpu.inst of size 4 on address 0xa00010b0 data 0xfe842783 C
3595750: global: Read from cpu.data of size 4 on address 0xa0002f20 data 0 C
3644750: global: IFetch from cpu.inst of size 4 on address 0xa00010b4 data 0xff7f793 C
3693750: global: IFetch from cpu.inst of size 4 on address 0xa00010b8 data 0x3078793 C
3742750: global: IFetch from cpu.inst of size 4 on address 0xa00010bc data 0xff7f793 C
3791750: global: IFetch from cpu.inst of size 4 on address 0xa00010c0 data 0x140006f C
3840750: global: IFetch from cpu.inst of size 4 on address 0xa00010d4 data 0xfec42703 C
3889750: global: Read from cpu.data of size 4 on address 0xa0002f24 data 0 C
3938750: global: IFetch from cpu.inst of size 4 on address 0xa00010d8 data 0x270713 C
3987750: global: IFetch from cpu.inst of size 4 on address 0xa00010dc data 0xff040693 C
4036750: global: IFetch from cpu.inst of size 4 on address 0xa00010e0 data 0xe68733 C
4085750: global: IFetch from cpu.inst of size 4 on address 0xa00010e4 data 0xfef70623 C
4116000: system.mem_ctrl.dram: access write due to WriteReq [a0002f16:a0002f16]
4116000: global: Write from cpu.data of size 1 on address 0xa0002f16 data 0x30 C
4169500: global: IFetch from cpu.inst of size 4 on address 0xa00010e8 data 0xfec42783 C
4218750: global: Read from cpu.data of size 4 on address 0xa0002f24 data 0 C
4267750: global: IFetch from cpu.inst of size 4 on address 0xa00010ec data 0x178793 C
4316750: global: IFetch from cpu.inst of size 4 on address 0xa00010f0 data 0xfef42623 C
4347000: system.mem_ctrl.dram: access write due to WriteReq [a0002f24:a0002f27]
4347000: global: Write from cpu.data of size 4 on address 0xa0002f24 data 0x1 C
4386750: global: IFetch from cpu.inst of size 4 on address 0xa00010f4 data 0xfec42703 C
4435750: global: Read from cpu.data of size 4 on address 0xa0002f24 data 0x1 C
4484750: global: IFetch from cpu.inst of size 4 on address 0xa00010f8 data 0x700793 C
4533750: global: IFetch from cpu.inst of size 4 on address 0xa00010fc data 0xf8e7d4e3 C
4582750: global: IFetch from cpu.inst of size 4 on address 0xa0001084 data 0x700713 C
4631750: global: IFetch from cpu.inst of size 4 on address 0xa0001088 data 0xfec42783 C
4680750: global: Read from cpu.data of size 4 on address 0xa0002f24 data 0x1 C
4729750: global: IFetch from cpu.inst of size 4 on address 0xa000108c data 0x40f707b3 C
4778750: global: IFetch from cpu.inst of size 4 on address 0xa0001090 data 0x279793 C
4827750: global: IFetch from cpu.inst of size 4 on address 0xa0001094 data 0xfcc42703 C
4876750: global: Read from cpu.data of size 4 on address 0xa0002f04 data 0 C
4925750: global: IFetch from cpu.inst of size 4 on address 0xa0001098 data 0xf757b3 C
4974750: global: IFetch from cpu.inst of size 4 on address 0xa000109c data 0xf7f793 C
5023750: global: IFetch from cpu.inst of size 4 on address 0xa00010a0 data 0xfef42423 C
5054000: system.mem_ctrl.dram: access write due to WriteReq [a0002f20:a0002f23]
5054000: global: Write from cpu.data of size 4 on address 0xa0002f20 data 0 C
5093750: global: IFetch from cpu.inst of size 4 on address 0xa00010a4 data 0xfe842703 C
5142750: global: Read from cpu.data of size 4 on address 0xa0002f20 data 0 C
5191750: global: IFetch from cpu.inst of size 4 on address 0xa00010a8 data 0x900793 C
5254500: global: IFetch from cpu.inst of size 4 on address 0xa00010ac data 0xe7cc63 C
5303750: global: IFetch from cpu.inst of size 4 on address 0xa00010b0 data 0xfe842783 C
5366500: global: Read from cpu.data of size 4 on address 0xa0002f20 data 0 C
5415750: global: IFetch from cpu.inst of size 4 on address 0xa00010b4 data 0xff7f793 C
5464750: global: IFetch from cpu.inst of size 4 on address 0xa00010b8 data 0x3078793 C
5513750: global: IFetch from cpu.inst of size 4 on address 0xa00010bc data 0xff7f793 C
5562750: global: IFetch from cpu.inst of size 4 on address 0xa00010c0 data 0x140006f C
5611750: global: IFetch from cpu.inst of size 4 on address 0xa00010d4 data 0xfec42703 C
5660750: global: Read from cpu.data of size 4 on address 0xa0002f24 data 0x1 C
5709750: global: IFetch from cpu.inst of size 4 on address 0xa00010d8 data 0x270713 C
5758750: global: IFetch from cpu.inst of size 4 on address 0xa00010dc data 0xff040693 C
5807750: global: IFetch from cpu.inst of size 4 on address 0xa00010e0 data 0xe68733 C
5856750: global: IFetch from cpu.inst of size 4 on address 0xa00010e4 data 0xfef70623 C
5887000: system.mem_ctrl.dram: access write due to WriteReq [a0002f17:a0002f17]
5887000: global: Write from cpu.data of size 1 on address 0xa0002f17 data 0x30 C
5926750: global: IFetch from cpu.inst of size 4 on address 0xa00010e8 data 0xfec42783 C
5975750: global: Read from cpu.data of size 4 on address 0xa0002f24 data 0x1 C
6024750: global: IFetch from cpu.inst of size 4 on address 0xa00010ec data 0x178793 C
6073750: global: IFetch from cpu.inst of size 4 on address 0xa00010f0 data 0xfef42623 C
6104000: system.mem_ctrl.dram: access write due to WriteReq [a0002f24:a0002f27]
6104000: global: Write from cpu.data of size 4 on address 0xa0002f24 data 0x2 C
6143750: global: IFetch from cpu.inst of size 4 on address 0xa00010f4 data 0xfec42703 C
6192750: global: Read from cpu.data of size 4 on address 0xa0002f24 data 0x2 C
6241750: global: IFetch from cpu.inst of size 4 on address 0xa00010f8 data 0x700793 C
6304500: global: IFetch from cpu.inst of size 4 on address 0xa00010fc data 0xf8e7d4e3 C
6353750: global: IFetch from cpu.inst of size 4 on address 0xa0001084 data 0x700713 C
6402750: global: IFetch from cpu.inst of size 4 on address 0xa0001088 data 0xfec42783 C
6451750: global: Read from cpu.data of size 4 on address 0xa0002f24 data 0x2 C
6500750: global: IFetch from cpu.inst of size 4 on address 0xa000108c data 0x40f707b3 C
6549750: global: IFetch from cpu.inst of size 4 on address 0xa0001090 data 0x279793 C
6598750: global: IFetch from cpu.inst of size 4 on address 0xa0001094 data 0xfcc42703 C
6647750: global: Read from cpu.data of size 4 on address 0xa0002f04 data 0 C
6696750: global: IFetch from cpu.inst of size 4 on address 0xa0001098 data 0xf757b3 C
6745750: global: IFetch from cpu.inst of size 4 on address 0xa000109c data 0xf7f793 C
6794750: global: IFetch from cpu.inst of size 4 on address 0xa00010a0 data 0xfef42423 C
6825000: system.mem_ctrl.dram: access write due to WriteReq [a0002f20:a0002f23]
6825000: global: Write from cpu.data of size 4 on address 0xa0002f20 data 0 C
6864750: global: IFetch from cpu.inst of size 4 on address 0xa00010a4 data 0xfe842703 C
6913750: global: Read from cpu.data of size 4 on address 0xa0002f20 data 0 C
6962750: global: IFetch from cpu.inst of size 4 on address 0xa00010a8 data 0x900793 C
7011750: global: IFetch from cpu.inst of size 4 on address 0xa00010ac data 0xe7cc63 C
7060750: global: IFetch from cpu.inst of size 4 on address 0xa00010b0 data 0xfe842783 C
7109750: global: Read from cpu.data of size 4 on address 0xa0002f20 data 0 C
7158750: global: IFetch from cpu.inst of size 4 on address 0xa00010b4 data 0xff7f793 C
7207750: global: IFetch from cpu.inst of size 4 on address 0xa00010b8 data 0x3078793 C
7256750: global: IFetch from cpu.inst of size 4 on address 0xa00010bc data 0xff7f793 C
7319500: global: IFetch from cpu.inst of size 4 on address 0xa00010c0 data 0x140006f C
7368750: global: IFetch from cpu.inst of size 4 on address 0xa00010d4 data 0xfec42703 C
7417750: global: Read from cpu.data of size 4 on address 0xa0002f24 data 0x2 C
7466750: global: IFetch from cpu.inst of size 4 on address 0xa00010d8 data 0x270713 C
7515750: global: IFetch from cpu.inst of size 4 on address 0xa00010dc data 0xff040693 C
7564750: global: IFetch from cpu.inst of size 4 on address 0xa00010e0 data 0xe68733 C
7613750: global: IFetch from cpu.inst of size 4 on address 0xa00010e4 data 0xfef70623 C
7644000: system.mem_ctrl.dram: access write due to WriteReq [a0002f18:a0002f18]
7644000: global: Write from cpu.data of size 1 on address 0xa0002f18 data 0x30 C
7683750: global: IFetch from cpu.inst of size 4 on address 0xa00010e8 data 0xfec42783 C
7732750: global: Read from cpu.data of size 4 on address 0xa0002f24 data 0x2 C
7781750: global: IFetch from cpu.inst of size 4 on address 0xa00010ec data 0x178793 C
8092500: global: IFetch from cpu.inst of size 4 on address 0xa00010f0 data 0xfef42623 C
8123000: system.mem_ctrl.dram: access write due to WriteReq [a0002f24:a0002f27]
8123000: global: Write from cpu.data of size 4 on address 0xa0002f24 data 0x3 C
8162750: global: IFetch from cpu.inst of size 4 on address 0xa00010f4 data 0xfec42703 C
8225500: global: Read from cpu.data of size 4 on address 0xa0002f24 data 0x3 C
8274750: global: IFetch from cpu.inst of size 4 on address 0xa00010f8 data 0x700793 C
8323750: global: IFetch from cpu.inst of size 4 on address 0xa00010fc data 0xf8e7d4e3 C
8372750: global: IFetch from cpu.inst of size 4 on address 0xa0001084 data 0x700713 C
8421750: global: IFetch from cpu.inst of size 4 on address 0xa0001088 data 0xfec42783 C
8470750: global: Read from cpu.data of size 4 on address 0xa0002f24 data 0x3 C
8519750: global: IFetch from cpu.inst of size 4 on address 0xa000108c data 0x40f707b3 C
8568750: global: IFetch from cpu.inst of size 4 on address 0xa0001090 data 0x279793 C
8617750: global: IFetch from cpu.inst of size 4 on address 0xa0001094 data 0xfcc42703 C
8666750: global: Read from cpu.data of size 4 on address 0xa0002f04 data 0 C
8715750: global: IFetch from cpu.inst of size 4 on address 0xa0001098 data 0xf757b3 C
8764750: global: IFetch from cpu.inst of size 4 on address 0xa000109c data 0xf7f793 C
8813750: global: IFetch from cpu.inst of size 4 on address 0xa00010a0 data 0xfef42423 C
8844000: system.mem_ctrl.dram: access write due to WriteReq [a0002f20:a0002f23]
8844000: global: Write from cpu.data of size 4 on address 0xa0002f20 data 0 C
8883750: global: IFetch from cpu.inst of size 4 on address 0xa00010a4 data 0xfe842703 C
8932750: global: Read from cpu.data of size 4 on address 0xa0002f20 data 0 C
8981750: global: IFetch from cpu.inst of size 4 on address 0xa00010a8 data 0x900793 C
9030750: global: IFetch from cpu.inst of size 4 on address 0xa00010ac data 0xe7cc63 C
9079750: global: IFetch from cpu.inst of size 4 on address 0xa00010b0 data 0xfe842783 C
9128750: global: Read from cpu.data of size 4 on address 0xa0002f20 data 0 C
9191500: global: IFetch from cpu.inst of size 4 on address 0xa00010b4 data 0xff7f793 C
9240750: global: IFetch from cpu.inst of size 4 on address 0xa00010b8 data 0x3078793 C
9289750: global: IFetch from cpu.inst of size 4 on address 0xa00010bc data 0xff7f793 C
9338750: global: IFetch from cpu.inst of size 4 on address 0xa00010c0 data 0x140006f C
9387750: global: IFetch from cpu.inst of size 4 on address 0xa00010d4 data 0xfec42703 C
9436750: global: Read from cpu.data of size 4 on address 0xa0002f24 data 0x3 C
9485750: global: IFetch from cpu.inst of size 4 on address 0xa00010d8 data 0x270713 C
9534750: global: IFetch from cpu.inst of size 4 on address 0xa00010dc data 0xff040693 C
9583750: global: IFetch from cpu.inst of size 4 on address 0xa00010e0 data 0xe68733 C
9632750: global: IFetch from cpu.inst of size 4 on address 0xa00010e4 data 0xfef70623 C
9663000: system.mem_ctrl.dram: access write due to WriteReq [a0002f19:a0002f19]
9663000: global: Write from cpu.data of size 1 on address 0xa0002f19 data 0x30 C
9702750: global: IFetch from cpu.inst of size 4 on address 0xa00010e8 data 0xfec42783 C
9751750: global: Read from cpu.data of size 4 on address 0xa0002f24 data 0x3 C
9800750: global: IFetch from cpu.inst of size 4 on address 0xa00010ec data 0x178793 C
9849750: global: IFetch from cpu.inst of size 4 on address 0xa00010f0 data 0xfef42623 C
9880000: system.mem_ctrl.dram: access write due to WriteReq [a0002f24:a0002f27]
9880000: global: Write from cpu.data of size 4 on address 0xa0002f24 data 0x4 C
9919750: global: IFetch from cpu.inst of size 4 on address 0xa00010f4 data 0xfec42703 C
9968750: global: Read from cpu.data of size 4 on address 0xa0002f24 data 0x4 C
10017750: global: IFetch from cpu.inst of size 4 on address 0xa00010f8 data 0x700793 C
10066750: global: IFetch from cpu.inst of size 4 on address 0xa00010fc data 0xf8e7d4e3 C
10115750: global: IFetch from cpu.inst of size 4 on address 0xa0001084 data 0x700713 C
10178500: global: IFetch from cpu.inst of size 4 on address 0xa0001088 data 0xfec42783 C
10227750: global: Read from cpu.data of size 4 on address 0xa0002f24 data 0x4 C
10276750: global: IFetch from cpu.inst of size 4 on address 0xa000108c data 0x40f707b3 C
10325750: global: IFetch from cpu.inst of size 4 on address 0xa0001090 data 0x279793 C
10374750: global: IFetch from cpu.inst of size 4 on address 0xa0001094 data 0xfcc42703 C
10423750: global: Read from cpu.data of size 4 on address 0xa0002f04 data 0 C
10472750: global: IFetch from cpu.inst of size 4 on address 0xa0001098 data 0xf757b3 C
10521750: global: IFetch from cpu.inst of size 4 on address 0xa000109c data 0xf7f793 C
10570750: global: IFetch from cpu.inst of size 4 on address 0xa00010a0 data 0xfef42423 C
10601000: system.mem_ctrl.dram: access write due to WriteReq [a0002f20:a0002f23]
10601000: global: Write from cpu.data of size 4 on address 0xa0002f20 data 0 C
10640750: global: IFetch from cpu.inst of size 4 on address 0xa00010a4 data 0xfe842703 C
10689750: global: Read from cpu.data of size 4 on address 0xa0002f20 data 0 C
10738750: global: IFetch from cpu.inst of size 4 on address 0xa00010a8 data 0x900793 C
10787750: global: IFetch from cpu.inst of size 4 on address 0xa00010ac data 0xe7cc63 C
10836750: global: IFetch from cpu.inst of size 4 on address 0xa00010b0 data 0xfe842783 C
10885750: global: Read from cpu.data of size 4 on address 0xa0002f20 data 0 C
10934750: global: IFetch from cpu.inst of size 4 on address 0xa00010b4 data 0xff7f793 C
10983750: global: IFetch from cpu.inst of size 4 on address 0xa00010b8 data 0x3078793 C
11032750: global: IFetch from cpu.inst of size 4 on address 0xa00010bc data 0xff7f793 C
11081750: global: IFetch from cpu.inst of size 4 on address 0xa00010c0 data 0x140006f C
11130750: global: IFetch from cpu.inst of size 4 on address 0xa00010d4 data 0xfec42703 C
11179750: global: Read from cpu.data of size 4 on address 0xa0002f24 data 0x4 C
11242500: global: IFetch from cpu.inst of size 4 on address 0xa00010d8 data 0x270713 C
11291750: global: IFetch from cpu.inst of size 4 on address 0xa00010dc data 0xff040693 C
11340750: global: IFetch from cpu.inst of size 4 on address 0xa00010e0 data 0xe68733 C
11389750: global: IFetch from cpu.inst of size 4 on address 0xa00010e4 data 0xfef70623 C
11420000: system.mem_ctrl.dram: access write due to WriteReq [a0002f1a:a0002f1a]
11420000: global: Write from cpu.data of size 1 on address 0xa0002f1a data 0x30 C
11459750: global: IFetch from cpu.inst of size 4 on address 0xa00010e8 data 0xfec42783 C
11508750: global: Read from cpu.data of size 4 on address 0xa0002f24 data 0x4 C
11557750: global: IFetch from cpu.inst of size 4 on address 0xa00010ec data 0x178793 C
11606750: global: IFetch from cpu.inst of size 4 on address 0xa00010f0 data 0xfef42623 C
11637000: system.mem_ctrl.dram: access write due to WriteReq [a0002f24:a0002f27]
11637000: global: Write from cpu.data of size 4 on address 0xa0002f24 data 0x5 C
11676750: global: IFetch from cpu.inst of size 4 on address 0xa00010f4 data 0xfec42703 C
11725750: global: Read from cpu.data of size 4 on address 0xa0002f24 data 0x5 C
11774750: global: IFetch from cpu.inst of size 4 on address 0xa00010f8 data 0x700793 C
11823750: global: IFetch from cpu.inst of size 4 on address 0xa00010fc data 0xf8e7d4e3 C
11872750: global: IFetch from cpu.inst of size 4 on address 0xa0001084 data 0x700713 C
11921750: global: IFetch from cpu.inst of size 4 on address 0xa0001088 data 0xfec42783 C
11970750: global: Read from cpu.data of size 4 on address 0xa0002f24 data 0x5 C
12019750: global: IFetch from cpu.inst of size 4 on address 0xa000108c data 0x40f707b3 C
12068750: global: IFetch from cpu.inst of size 4 on address 0xa0001090 data 0x279793 C
12117750: global: IFetch from cpu.inst of size 4 on address 0xa0001094 data 0xfcc42703 C
12180500: global: Read from cpu.data of size 4 on address 0xa0002f04 data 0 C
12229750: global: IFetch from cpu.inst of size 4 on address 0xa0001098 data 0xf757b3 C
12292500: global: IFetch from cpu.inst of size 4 on address 0xa000109c data 0xf7f793 C
12341750: global: IFetch from cpu.inst of size 4 on address 0xa00010a0 data 0xfef42423 C
12372000: system.mem_ctrl.dram: access write due to WriteReq [a0002f20:a0002f23]
12372000: global: Write from cpu.data of size 4 on address 0xa0002f20 data 0 C
12411750: global: IFetch from cpu.inst of size 4 on address 0xa00010a4 data 0xfe842703 C
12460750: global: Read from cpu.data of size 4 on address 0xa0002f20 data 0 C
12509750: global: IFetch from cpu.inst of size 4 on address 0xa00010a8 data 0x900793 C
12558750: global: IFetch from cpu.inst of size 4 on address 0xa00010ac data 0xe7cc63 C
12607750: global: IFetch from cpu.inst of size 4 on address 0xa00010b0 data 0xfe842783 C
12656750: global: Read from cpu.data of size 4 on address 0xa0002f20 data 0 C
12705750: global: IFetch from cpu.inst of size 4 on address 0xa00010b4 data 0xff7f793 C
12754750: global: IFetch from cpu.inst of size 4 on address 0xa00010b8 data 0x3078793 C
12803750: global: IFetch from cpu.inst of size 4 on address 0xa00010bc data 0xff7f793 C
12852750: global: IFetch from cpu.inst of size 4 on address 0xa00010c0 data 0x140006f C
12901750: global: IFetch from cpu.inst of size 4 on address 0xa00010d4 data 0xfec42703 C
12950750: global: Read from cpu.data of size 4 on address 0xa0002f24 data 0x5 C
12999750: global: IFetch from cpu.inst of size 4 on address 0xa00010d8 data 0x270713 C
13048750: global: IFetch from cpu.inst of size 4 on address 0xa00010dc data 0xff040693 C
13097750: global: IFetch from cpu.inst of size 4 on address 0xa00010e0 data 0xe68733 C
13146750: global: IFetch from cpu.inst of size 4 on address 0xa00010e4 data 0xfef70623 C
13177000: system.mem_ctrl.dram: access write due to WriteReq [a0002f1b:a0002f1b]
13177000: global: Write from cpu.data of size 1 on address 0xa0002f1b data 0x30 C
13216750: global: IFetch from cpu.inst of size 4 on address 0xa00010e8 data 0xfec42783 C
13265750: global: Read from cpu.data of size 4 on address 0xa0002f24 data 0x5 C
13328500: global: IFetch from cpu.inst of size 4 on address 0xa00010ec data 0x178793 C
13377750: global: IFetch from cpu.inst of size 4 on address 0xa00010f0 data 0xfef42623 C
13408000: system.mem_ctrl.dram: access write due to WriteReq [a0002f24:a0002f27]
13408000: global: Write from cpu.data of size 4 on address 0xa0002f24 data 0x6 C
13447750: global: IFetch from cpu.inst of size 4 on address 0xa00010f4 data 0xfec42703 C
13496750: global: Read from cpu.data of size 4 on address 0xa0002f24 data 0x6 C
13545750: global: IFetch from cpu.inst of size 4 on address 0xa00010f8 data 0x700793 C
13594750: global: IFetch from cpu.inst of size 4 on address 0xa00010fc data 0xf8e7d4e3 C
13643750: global: IFetch from cpu.inst of size 4 on address 0xa0001084 data 0x700713 C
13692750: global: IFetch from cpu.inst of size 4 on address 0xa0001088 data 0xfec42783 C
13741750: global: Read from cpu.data of size 4 on address 0xa0002f24 data 0x6 C
13790750: global: IFetch from cpu.inst of size 4 on address 0xa000108c data 0x40f707b3 C
13839750: global: IFetch from cpu.inst of size 4 on address 0xa0001090 data 0x279793 C
13888750: global: IFetch from cpu.inst of size 4 on address 0xa0001094 data 0xfcc42703 C
13937750: global: Read from cpu.data of size 4 on address 0xa0002f04 data 0 C
13986750: global: IFetch from cpu.inst of size 4 on address 0xa0001098 data 0xf757b3 C
14035750: global: IFetch from cpu.inst of size 4 on address 0xa000109c data 0xf7f793 C
14084750: global: IFetch from cpu.inst of size 4 on address 0xa00010a0 data 0xfef42423 C
14115000: system.mem_ctrl.dram: access write due to WriteReq [a0002f20:a0002f23]
14115000: global: Write from cpu.data of size 4 on address 0xa0002f20 data 0 C
14154750: global: IFetch from cpu.inst of size 4 on address 0xa00010a4 data 0xfe842703 C
14203750: global: Read from cpu.data of size 4 on address 0xa0002f20 data 0 C
14252750: global: IFetch from cpu.inst of size 4 on address 0xa00010a8 data 0x900793 C
14301750: global: IFetch from cpu.inst of size 4 on address 0xa00010ac data 0xe7cc63 C
14364500: global: IFetch from cpu.inst of size 4 on address 0xa00010b0 data 0xfe842783 C
14413750: global: Read from cpu.data of size 4 on address 0xa0002f20 data 0 C
14462750: global: IFetch from cpu.inst of size 4 on address 0xa00010b4 data 0xff7f793 C
14511750: global: IFetch from cpu.inst of size 4 on address 0xa00010b8 data 0x3078793 C
14560750: global: IFetch from cpu.inst of size 4 on address 0xa00010bc data 0xff7f793 C
14609750: global: IFetch from cpu.inst of size 4 on address 0xa00010c0 data 0x140006f C
14658750: global: IFetch from cpu.inst of size 4 on address 0xa00010d4 data 0xfec42703 C
14707750: global: Read from cpu.data of size 4 on address 0xa0002f24 data 0x6 C
14756750: global: IFetch from cpu.inst of size 4 on address 0xa00010d8 data 0x270713 C
14805750: global: IFetch from cpu.inst of size 4 on address 0xa00010dc data 0xff040693 C
14854750: global: IFetch from cpu.inst of size 4 on address 0xa00010e0 data 0xe68733 C
14903750: global: IFetch from cpu.inst of size 4 on address 0xa00010e4 data 0xfef70623 C
14934000: system.mem_ctrl.dram: access write due to WriteReq [a0002f1c:a0002f1c]
14934000: global: Write from cpu.data of size 1 on address 0xa0002f1c data 0x30 C
14973750: global: IFetch from cpu.inst of size 4 on address 0xa00010e8 data 0xfec42783 C
15022750: global: Read from cpu.data of size 4 on address 0xa0002f24 data 0x6 C
15071750: global: IFetch from cpu.inst of size 4 on address 0xa00010ec data 0x178793 C
15120750: global: IFetch from cpu.inst of size 4 on address 0xa00010f0 data 0xfef42623 C
15151000: system.mem_ctrl.dram: access write due to WriteReq [a0002f24:a0002f27]
15151000: global: Write from cpu.data of size 4 on address 0xa0002f24 data 0x7 C
15190750: global: IFetch from cpu.inst of size 4 on address 0xa00010f4 data 0xfec42703 C
15239750: global: Read from cpu.data of size 4 on address 0xa0002f24 data 0x7 C
15288750: global: IFetch from cpu.inst of size 4 on address 0xa00010f8 data 0x700793 C
15337750: global: IFetch from cpu.inst of size 4 on address 0xa00010fc data 0xf8e7d4e3 C
15400500: global: IFetch from cpu.inst of size 4 on address 0xa0001084 data 0x700713 C
15449750: global: IFetch from cpu.inst of size 4 on address 0xa0001088 data 0xfec42783 C
15498750: global: Read from cpu.data of size 4 on address 0xa0002f24 data 0x7 C
15547750: global: IFetch from cpu.inst of size 4 on address 0xa000108c data 0x40f707b3 C
15878750: global: IFetch from cpu.inst of size 4 on address 0xa0001090 data 0x279793 C
15927750: global: IFetch from cpu.inst of size 4 on address 0xa0001094 data 0xfcc42703 C
15990500: global: Read from cpu.data of size 4 on address 0xa0002f04 data 0 C
16039750: global: IFetch from cpu.inst of size 4 on address 0xa0001098 data 0xf757b3 C
16088750: global: IFetch from cpu.inst of size 4 on address 0xa000109c data 0xf7f793 C
16137750: global: IFetch from cpu.inst of size 4 on address 0xa00010a0 data 0xfef42423 C
16168000: system.mem_ctrl.dram: access write due to WriteReq [a0002f20:a0002f23]
16168000: global: Write from cpu.data of size 4 on address 0xa0002f20 data 0 C
16207750: global: IFetch from cpu.inst of size 4 on address 0xa00010a4 data 0xfe842703 C
16256750: global: Read from cpu.data of size 4 on address 0xa0002f20 data 0 C
16305750: global: IFetch from cpu.inst of size 4 on address 0xa00010a8 data 0x900793 C
16354750: global: IFetch from cpu.inst of size 4 on address 0xa00010ac data 0xe7cc63 C
16403750: global: IFetch from cpu.inst of size 4 on address 0xa00010b0 data 0xfe842783 C
16452750: global: Read from cpu.data of size 4 on address 0xa0002f20 data 0 C
16501750: global: IFetch from cpu.inst of size 4 on address 0xa00010b4 data 0xff7f793 C
16550750: global: IFetch from cpu.inst of size 4 on address 0xa00010b8 data 0x3078793 C
16599750: global: IFetch from cpu.inst of size 4 on address 0xa00010bc data 0xff7f793 C
16648750: global: IFetch from cpu.inst of size 4 on address 0xa00010c0 data 0x140006f C
16697750: global: IFetch from cpu.inst of size 4 on address 0xa00010d4 data 0xfec42703 C
16746750: global: Read from cpu.data of size 4 on address 0xa0002f24 data 0x7 C
16795750: global: IFetch from cpu.inst of size 4 on address 0xa00010d8 data 0x270713 C
16844750: global: IFetch from cpu.inst of size 4 on address 0xa00010dc data 0xff040693 C
16907500: global: IFetch from cpu.inst of size 4 on address 0xa00010e0 data 0xe68733 C
16956750: global: IFetch from cpu.inst of size 4 on address 0xa00010e4 data 0xfef70623 C
16987000: system.mem_ctrl.dram: access write due to WriteReq [a0002f1d:a0002f1d]
16987000: global: Write from cpu.data of size 1 on address 0xa0002f1d data 0x30 C
17026750: global: IFetch from cpu.inst of size 4 on address 0xa00010e8 data 0xfec42783 C
17075750: global: Read from cpu.data of size 4 on address 0xa0002f24 data 0x7 C
17124750: global: IFetch from cpu.inst of size 4 on address 0xa00010ec data 0x178793 C
17173750: global: IFetch from cpu.inst of size 4 on address 0xa00010f0 data 0xfef42623 C
17204000: system.mem_ctrl.dram: access write due to WriteReq [a0002f24:a0002f27]
17204000: global: Write from cpu.data of size 4 on address 0xa0002f24 data 0x8 C
17243750: global: IFetch from cpu.inst of size 4 on address 0xa00010f4 data 0xfec42703 C
17292750: global: Read from cpu.data of size 4 on address 0xa0002f24 data 0x8 C
17341750: global: IFetch from cpu.inst of size 4 on address 0xa00010f8 data 0x700793 C
17390750: global: IFetch from cpu.inst of size 4 on address 0xa00010fc data 0xf8e7d4e3 C
17439750: global: IFetch from cpu.inst of size 4 on address 0xa0001100 data 0xa00793 C
17488750: global: IFetch from cpu.inst of size 4 on address 0xa0001104 data 0xfef40323 C
17519000: system.mem_ctrl.dram: access write due to WriteReq [a0002f1e:a0002f1e]
17519000: global: Write from cpu.data of size 1 on address 0xa0002f1e data 0xa C
17558750: global: IFetch from cpu.inst of size 4 on address 0xa0001108 data 0xfe0403a3 C
17589000: system.mem_ctrl.dram: access write due to WriteReq [a0002f1f:a0002f1f]
17589000: global: Write from cpu.data of size 1 on address 0xa0002f1f data 0 C
17628750: global: IFetch from cpu.inst of size 4 on address 0xa000110c data 0xfdc40793 C
17677750: global: IFetch from cpu.inst of size 4 on address 0xa0001110 data 0x78513 C
17726750: global: IFetch from cpu.inst of size 4 on address 0xa0001114 data 0xeedff0ef C
17775750: global: IFetch from cpu.inst of size 4 on address 0xa0001000 data 0xfe010113 C
17824750: global: IFetch from cpu.inst of size 4 on address 0xa0001004 data 0x812e23 C
17855000: system.mem_ctrl.dram: access write due to WriteReq [a0002ef4:a0002ef7]
17855000: global: Write from cpu.data of size 4 on address 0xa0002ef4 data 0x7fffff38 C
17908500: global: IFetch from cpu.inst of size 4 on address 0xa0001008 data 0x2010413 C
17957750: global: IFetch from cpu.inst of size 4 on address 0xa000100c data 0xfea42623 C
17988000: system.mem_ctrl.dram: access write due to WriteReq [a0002ee4:a0002ee7]
17988000: global: Write from cpu.data of size 4 on address 0xa0002ee4 data 0x7fffff14 C
18027750: global: IFetch from cpu.inst of size 4 on address 0xa0001010 data 0x100513 C
18076750: global: IFetch from cpu.inst of size 4 on address 0xa0001014 data 0xfec42583 C
18125750: global: Read from cpu.data of size 4 on address 0xa0002ee4 data 0x7fffff14 C
18174750: global: IFetch from cpu.inst of size 4 on address 0xa0001018 data 0x613 C
18223750: global: IFetch from cpu.inst of size 4 on address 0xa000101c data 0x100006f C
18272750: global: IFetch from cpu.inst of size 4 on address 0xa000102c data 0x60713 C
18321750: global: IFetch from cpu.inst of size 4 on address 0xa0001030 data 0xfec42783 C
18370750: global: Read from cpu.data of size 4 on address 0xa0002ee4 data 0x7fffff14 C
18419750: global: IFetch from cpu.inst of size 4 on address 0xa0001034 data 0xe787b3 C
18468750: global: IFetch from cpu.inst of size 4 on address 0xa0001038 data 0x7c783 C
18517750: global: Read from cpu.data of size 1 on address 0xa0002f14 data 0x30 C
18566750: global: IFetch from cpu.inst of size 4 on address 0xa000103c data 0xfe0792e3 C
18615750: global: IFetch from cpu.inst of size 4 on address 0xa0001020 data 0x60793 C
18664750: global: IFetch from cpu.inst of size 4 on address 0xa0001024 data 0x178793 C
18713750: global: IFetch from cpu.inst of size 4 on address 0xa0001028 data 0x78613 C
18762750: global: IFetch from cpu.inst of size 4 on address 0xa000102c data 0x60713 C
18811750: global: IFetch from cpu.inst of size 4 on address 0xa0001030 data 0xfec42783 C
18860750: global: Read from cpu.data of size 4 on address 0xa0002ee4 data 0x7fffff14 C
18923500: global: IFetch from cpu.inst of size 4 on address 0xa0001034 data 0xe787b3 C
18972750: global: IFetch from cpu.inst of size 4 on address 0xa0001038 data 0x7c783 C
19021750: global: Read from cpu.data of size 1 on address 0xa0002f15 data 0x78 C
19070750: global: IFetch from cpu.inst of size 4 on address 0xa000103c data 0xfe0792e3 C
19119750: global: IFetch from cpu.inst of size 4 on address 0xa0001020 data 0x60793 C
19168750: global: IFetch from cpu.inst of size 4 on address 0xa0001024 data 0x178793 C
19217750: global: IFetch from cpu.inst of size 4 on address 0xa0001028 data 0x78613 C
19266750: global: IFetch from cpu.inst of size 4 on address 0xa000102c data 0x60713 C
19315750: global: IFetch from cpu.inst of size 4 on address 0xa0001030 data 0xfec42783 C
19364750: global: Read from cpu.data of size 4 on address 0xa0002ee4 data 0x7fffff14 C
19413750: global: IFetch from cpu.inst of size 4 on address 0xa0001034 data 0xe787b3 C
19462750: global: IFetch from cpu.inst of size 4 on address 0xa0001038 data 0x7c783 C
19511750: global: Read from cpu.data of size 1 on address 0xa0002f16 data 0x30 C
19560750: global: IFetch from cpu.inst of size 4 on address 0xa000103c data 0xfe0792e3 C
19609750: global: IFetch from cpu.inst of size 4 on address 0xa0001020 data 0x60793 C
19658750: global: IFetch from cpu.inst of size 4 on address 0xa0001024 data 0x178793 C
19707750: global: IFetch from cpu.inst of size 4 on address 0xa0001028 data 0x78613 C
19756750: global: IFetch from cpu.inst of size 4 on address 0xa000102c data 0x60713 C
19805750: global: IFetch from cpu.inst of size 4 on address 0xa0001030 data 0xfec42783 C
19854750: global: Read from cpu.data of size 4 on address 0xa0002ee4 data 0x7fffff14 C
19917500: global: IFetch from cpu.inst of size 4 on address 0xa0001034 data 0xe787b3 C
19966750: global: IFetch from cpu.inst of size 4 on address 0xa0001038 data 0x7c783 C
20015750: global: Read from cpu.data of size 1 on address 0xa0002f17 data 0x30 C
20064750: global: IFetch from cpu.inst of size 4 on address 0xa000103c data 0xfe0792e3 C
20113750: global: IFetch from cpu.inst of size 4 on address 0xa0001020 data 0x60793 C
20162750: global: IFetch from cpu.inst of size 4 on address 0xa0001024 data 0x178793 C
20211750: global: IFetch from cpu.inst of size 4 on address 0xa0001028 data 0x78613 C
20260750: global: IFetch from cpu.inst of size 4 on address 0xa000102c data 0x60713 C
20309750: global: IFetch from cpu.inst of size 4 on address 0xa0001030 data 0xfec42783 C
20358750: global: Read from cpu.data of size 4 on address 0xa0002ee4 data 0x7fffff14 C
20407750: global: IFetch from cpu.inst of size 4 on address 0xa0001034 data 0xe787b3 C
20456750: global: IFetch from cpu.inst of size 4 on address 0xa0001038 data 0x7c783 C
20519500: global: Read from cpu.data of size 1 on address 0xa0002f18 data 0x30 C
20568750: global: IFetch from cpu.inst of size 4 on address 0xa000103c data 0xfe0792e3 C
20617750: global: IFetch from cpu.inst of size 4 on address 0xa0001020 data 0x60793 C
20666750: global: IFetch from cpu.inst of size 4 on address 0xa0001024 data 0x178793 C
20715750: global: IFetch from cpu.inst of size 4 on address 0xa0001028 data 0x78613 C
20764750: global: IFetch from cpu.inst of size 4 on address 0xa000102c data 0x60713 C
20813750: global: IFetch from cpu.inst of size 4 on address 0xa0001030 data 0xfec42783 C
20862750: global: Read from cpu.data of size 4 on address 0xa0002ee4 data 0x7fffff14 C
20925500: global: IFetch from cpu.inst of size 4 on address 0xa0001034 data 0xe787b3 C
20974750: global: IFetch from cpu.inst of size 4 on address 0xa0001038 data 0x7c783 C
21023750: global: Read from cpu.data of size 1 on address 0xa0002f19 data 0x30 C
21072750: global: IFetch from cpu.inst of size 4 on address 0xa000103c data 0xfe0792e3 C
21121750: global: IFetch from cpu.inst of size 4 on address 0xa0001020 data 0x60793 C
21170750: global: IFetch from cpu.inst of size 4 on address 0xa0001024 data 0x178793 C
21219750: global: IFetch from cpu.inst of size 4 on address 0xa0001028 data 0x78613 C
21268750: global: IFetch from cpu.inst of size 4 on address 0xa000102c data 0x60713 C
21317750: global: IFetch from cpu.inst of size 4 on address 0xa0001030 data 0xfec42783 C
21366750: global: Read from cpu.data of size 4 on address 0xa0002ee4 data 0x7fffff14 C
21415750: global: IFetch from cpu.inst of size 4 on address 0xa0001034 data 0xe787b3 C
21464750: global: IFetch from cpu.inst of size 4 on address 0xa0001038 data 0x7c783 C
21513750: global: Read from cpu.data of size 1 on address 0xa0002f1a data 0x30 C
21562750: global: IFetch from cpu.inst of size 4 on address 0xa000103c data 0xfe0792e3 C
21611750: global: IFetch from cpu.inst of size 4 on address 0xa0001020 data 0x60793 C
21660750: global: IFetch from cpu.inst of size 4 on address 0xa0001024 data 0x178793 C
21709750: global: IFetch from cpu.inst of size 4 on address 0xa0001028 data 0x78613 C
21758750: global: IFetch from cpu.inst of size 4 on address 0xa000102c data 0x60713 C
21807750: global: IFetch from cpu.inst of size 4 on address 0xa0001030 data 0xfec42783 C
21856750: global: Read from cpu.data of size 4 on address 0xa0002ee4 data 0x7fffff14 C
21919500: global: IFetch from cpu.inst of size 4 on address 0xa0001034 data 0xe787b3 C
21968750: global: IFetch from cpu.inst of size 4 on address 0xa0001038 data 0x7c783 C
22017750: global: Read from cpu.data of size 1 on address 0xa0002f1b data 0x30 C
22066750: global: IFetch from cpu.inst of size 4 on address 0xa000103c data 0xfe0792e3 C
22115750: global: IFetch from cpu.inst of size 4 on address 0xa0001020 data 0x60793 C
22164750: global: IFetch from cpu.inst of size 4 on address 0xa0001024 data 0x178793 C
22213750: global: IFetch from cpu.inst of size 4 on address 0xa0001028 data 0x78613 C
22262750: global: IFetch from cpu.inst of size 4 on address 0xa000102c data 0x60713 C
22311750: global: IFetch from cpu.inst of size 4 on address 0xa0001030 data 0xfec42783 C
22360750: global: Read from cpu.data of size 4 on address 0xa0002ee4 data 0x7fffff14 C
22409750: global: IFetch from cpu.inst of size 4 on address 0xa0001034 data 0xe787b3 C
22458750: global: IFetch from cpu.inst of size 4 on address 0xa0001038 data 0x7c783 C
22507750: global: Read from cpu.data of size 1 on address 0xa0002f1c data 0x30 C
22556750: global: IFetch from cpu.inst of size 4 on address 0xa000103c data 0xfe0792e3 C
22605750: global: IFetch from cpu.inst of size 4 on address 0xa0001020 data 0x60793 C
22654750: global: IFetch from cpu.inst of size 4 on address 0xa0001024 data 0x178793 C
22703750: global: IFetch from cpu.inst of size 4 on address 0xa0001028 data 0x78613 C
22752750: global: IFetch from cpu.inst of size 4 on address 0xa000102c data 0x60713 C
22801750: global: IFetch from cpu.inst of size 4 on address 0xa0001030 data 0xfec42783 C
22850750: global: Read from cpu.data of size 4 on address 0xa0002ee4 data 0x7fffff14 C
22913500: global: IFetch from cpu.inst of size 4 on address 0xa0001034 data 0xe787b3 C
22962750: global: IFetch from cpu.inst of size 4 on address 0xa0001038 data 0x7c783 C
23011750: global: Read from cpu.data of size 1 on address 0xa0002f1d data 0x30 C
23060750: global: IFetch from cpu.inst of size 4 on address 0xa000103c data 0xfe0792e3 C
23109750: global: IFetch from cpu.inst of size 4 on address 0xa0001020 data 0x60793 C
23158750: global: IFetch from cpu.inst of size 4 on address 0xa0001024 data 0x178793 C
23207750: global: IFetch from cpu.inst of size 4 on address 0xa0001028 data 0x78613 C
23256750: global: IFetch from cpu.inst of size 4 on address 0xa000102c data 0x60713 C
23305750: global: IFetch from cpu.inst of size 4 on address 0xa0001030 data 0xfec42783 C
23354750: global: Read from cpu.data of size 4 on address 0xa0002ee4 data 0x7fffff14 C
23665000: global: IFetch from cpu.inst of size 4 on address 0xa0001034 data 0xe787b3 C
23713750: global: IFetch from cpu.inst of size 4 on address 0xa0001038 data 0x7c783 C
23776500: global: Read from cpu.data of size 1 on address 0xa0002f1e data 0xa C
23825750: global: IFetch from cpu.inst of size 4 on address 0xa000103c data 0xfe0792e3 C
23874750: global: IFetch from cpu.inst of size 4 on address 0xa0001020 data 0x60793 C
23923750: global: IFetch from cpu.inst of size 4 on address 0xa0001024 data 0x178793 C
23972750: global: IFetch from cpu.inst of size 4 on address 0xa0001028 data 0x78613 C
24021750: global: IFetch from cpu.inst of size 4 on address 0xa000102c data 0x60713 C
24070750: global: IFetch from cpu.inst of size 4 on address 0xa0001030 data 0xfec42783 C
24119750: global: Read from cpu.data of size 4 on address 0xa0002ee4 data 0x7fffff14 C
24168750: global: IFetch from cpu.inst of size 4 on address 0xa0001034 data 0xe787b3 C
24217750: global: IFetch from cpu.inst of size 4 on address 0xa0001038 data 0x7c783 C
24266750: global: Read from cpu.data of size 1 on address 0xa0002f1f data 0 C
24315750: global: IFetch from cpu.inst of size 4 on address 0xa000103c data 0xfe0792e3 C
24364750: global: IFetch from cpu.inst of size 4 on address 0xa0001040 data 0x4000893 C
24413750: global: IFetch from cpu.inst of size 4 on address 0xa0001044 data 0x73 C
24444000: global: Read from functional of size 11 on address 0xa0002f14 C
24444000: global: 00000000  30 78 30 30 30 30 30 30  30 30 0a                  0x00000000 
0x00000000
24462750: global: IFetch from cpu.inst of size 4 on address 0xa0001048 data 0x13 C
24511750: global: IFetch from cpu.inst of size 4 on address 0xa000104c data 0x1c12403 C
24542000: global: Read from cpu.data of size 4 on address 0xa0002ef4 data 0x7fffff38 C
24580750: global: IFetch from cpu.inst of size 4 on address 0xa0001050 data 0x2010113 C
24643500: global: IFetch from cpu.inst of size 4 on address 0xa0001054 data 0x8067 C
24692750: global: IFetch from cpu.inst of size 4 on address 0xa0001118 data 0x13 C
24741750: global: IFetch from cpu.inst of size 4 on address 0xa000111c data 0x3c12083 C
24790750: global: Read from cpu.data of size 4 on address 0xa0002f34 data 0xd0000194 C
24839750: global: IFetch from cpu.inst of size 4 on address 0xa0001120 data 0x3812403 C
24888750: global: Read from cpu.data of size 4 on address 0xa0002f30 data 0x7fffff68 C
24937750: global: IFetch from cpu.inst of size 4 on address 0xa0001124 data 0x4010113 C
24986750: global: IFetch from cpu.inst of size 4 on address 0xa0001128 data 0x8067 C
25035750: global: IFetch from cpu.inst of size 4 on address 0xa0001194 data 0xfec42783 C
25084750: global: Read from cpu.data of size 4 on address 0xa0002f54 data 0 C
25133750: global: IFetch from cpu.inst of size 4 on address 0xa0001198 data 0x279793 C
25182750: global: IFetch from cpu.inst of size 4 on address 0xa000119c data 0xfe842703 C
25231750: global: Read from cpu.data of size 4 on address 0xa0002f50 data 0x10000000 C
25280750: global: IFetch from cpu.inst of size 4 on address 0xa00011a0 data 0xf704b3 C
25329750: global: IFetch from cpu.inst of size 4 on address 0xa00011a4 data 0xfec42503 C
25378750: global: Read from cpu.data of size 4 on address 0xa0002f54 data 0 C
25427750: global: IFetch from cpu.inst of size 4 on address 0xa00011a8 data 0x16c000ef C
25476750: global: IFetch from cpu.inst of size 4 on address 0xa0001314 data 0xff010113 C
25525750: global: IFetch from cpu.inst of size 4 on address 0xa0001318 data 0x812423 C
25556000: system.mem_ctrl.dram: access write due to WriteReq [a0002f30:a0002f33]
25556000: global: Write from cpu.data of size 4 on address 0xa0002f30 data 0x7fffff68 C
25595750: global: IFetch from cpu.inst of size 4 on address 0xa000131c data 0x112623 C
25626000: system.mem_ctrl.dram: access write due to WriteReq [a0002f34:a0002f37]
25626000: global: Write from cpu.data of size 4 on address 0xa0002f34 data 0xd00001ac C
25665750: global: IFetch from cpu.inst of size 4 on address 0xa0001320 data 0x50413 C
25728500: global: IFetch from cpu.inst of size 4 on address 0xa0001324 data 0x793 C
25777750: global: IFetch from cpu.inst of size 4 on address 0xa0001328 data 0x2050463 C
25826750: global: IFetch from cpu.inst of size 4 on address 0xa0001350 data 0x941413 C
25875750: global: IFetch from cpu.inst of size 4 on address 0xa0001354 data 0x945413 C
25924750: global: IFetch from cpu.inst of size 4 on address 0xa0001358 data 0x1779513 C
25973750: global: IFetch from cpu.inst of size 4 on address 0xa000135c data 0xc12083 C
26022750: global: Read from cpu.data of size 4 on address 0xa0002f34 data 0xd00001ac C
26071750: global: IFetch from cpu.inst of size 4 on address 0xa0001360 data 0x856533 C
26120750: global: IFetch from cpu.inst of size 4 on address 0xa0001364 data 0x812403 C
26169750: global: Read from cpu.data of size 4 on address 0xa0002f30 data 0x7fffff68 C
26218750: global: IFetch from cpu.inst of size 4 on address 0xa0001368 data 0x1010113 C
26267750: global: IFetch from cpu.inst of size 4 on address 0xa000136c data 0x8067 C
26316750: global: IFetch from cpu.inst of size 4 on address 0xa00011ac data 0x50793 C
26365750: global: IFetch from cpu.inst of size 4 on address 0xa00011b0 data 0xf4a023 C
